Component: ARM Compiler 5.06 update 4 (build 422) Tool: armlink [4d35d2]

==============================================================================

Section Cross References

    startup_stm32h750xx.o(STACK) refers (Special) to heapauxi.o(.text) for __use_two_region_memory
    startup_stm32h750xx.o(HEAP) refers (Special) to heapauxi.o(.text) for __use_two_region_memory
    startup_stm32h750xx.o(RESET) refers (Special) to heapauxi.o(.text) for __use_two_region_memory
    startup_stm32h750xx.o(RESET) refers to startup_stm32h750xx.o(STACK) for __initial_sp
    startup_stm32h750xx.o(RESET) refers to startup_stm32h750xx.o(.text) for Reset_Handler
    startup_stm32h750xx.o(RESET) refers to stm32h7xx_it.o(i.NMI_Handler) for NMI_Handler
    startup_stm32h750xx.o(RESET) refers to stm32h7xx_it.o(i.HardFault_Handler) for HardFault_Handler
    startup_stm32h750xx.o(RESET) refers to stm32h7xx_it.o(i.MemManage_Handler) for MemManage_Handler
    startup_stm32h750xx.o(RESET) refers to stm32h7xx_it.o(i.BusFault_Handler) for BusFault_Handler
    startup_stm32h750xx.o(RESET) refers to stm32h7xx_it.o(i.UsageFault_Handler) for UsageFault_Handler
    startup_stm32h750xx.o(RESET) refers to stm32h7xx_it.o(i.SVC_Handler) for SVC_Handler
    startup_stm32h750xx.o(RESET) refers to stm32h7xx_it.o(i.DebugMon_Handler) for DebugMon_Handler
    startup_stm32h750xx.o(RESET) refers to stm32h7xx_it.o(i.PendSV_Handler) for PendSV_Handler
    startup_stm32h750xx.o(RESET) refers to stm32h7xx_it.o(i.SysTick_Handler) for SysTick_Handler
    startup_stm32h750xx.o(RESET) refers to stm32h7xx_it.o(i.FDCAN1_IT0_IRQHandler) for FDCAN1_IT0_IRQHandler
    startup_stm32h750xx.o(RESET) refers to stm32h7xx_it.o(i.TIM1_UP_IRQHandler) for TIM1_UP_IRQHandler
    startup_stm32h750xx.o(.text) refers (Special) to heapauxi.o(.text) for __use_two_region_memory
    startup_stm32h750xx.o(.text) refers to system_stm32h7xx.o(i.SystemInit) for SystemInit
    startup_stm32h750xx.o(.text) refers to __main.o(!!!main) for __main
    startup_stm32h750xx.o(.text) refers to startup_stm32h750xx.o(HEAP) for Heap_Mem
    startup_stm32h750xx.o(.text) refers to startup_stm32h750xx.o(STACK) for Stack_Mem
    base_id_general_api.o(i.Delay1ms) refers to base_id_general_api.o(i.Delay1us) for Delay1us
    base_id_general_api.o(i.FDCAN1_Filter) refers to stm32h7xx_hal_fdcan.o(i.HAL_FDCAN_ConfigFilter) for HAL_FDCAN_ConfigFilter
    base_id_general_api.o(i.FDCAN1_Filter) refers to fdcan.o(.bss) for hfdcan1
    base_id_general_api.o(i.FDCAN1_Send_Msg) refers to stm32h7xx_hal_fdcan.o(i.HAL_FDCAN_AddMessageToTxFifoQ) for HAL_FDCAN_AddMessageToTxFifoQ
    base_id_general_api.o(i.FDCAN1_Send_Msg) refers to fdcan.o(.bss) for hfdcan1
    base_id_general_api.o(i.M93C46_Erase_All) refers to base_id_general_api.o(i.M93C46_SPI2_Start) for M93C46_SPI2_Start
    base_id_general_api.o(i.M93C46_Erase_All) refers to base_id_general_api.o(i.M93C46_SPI2_Send_Bit) for M93C46_SPI2_Send_Bit
    base_id_general_api.o(i.M93C46_Erase_All) refers to base_id_general_api.o(i.M93C46_SPI2_Stop) for M93C46_SPI2_Stop
    base_id_general_api.o(i.M93C46_Erase_Word) refers to base_id_general_api.o(i.M93C46_SPI2_Start) for M93C46_SPI2_Start
    base_id_general_api.o(i.M93C46_Erase_Word) refers to base_id_general_api.o(i.M93C46_SPI2_Send_Bit) for M93C46_SPI2_Send_Bit
    base_id_general_api.o(i.M93C46_Erase_Word) refers to base_id_general_api.o(i.M93C46_SPI2_Stop) for M93C46_SPI2_Stop
    base_id_general_api.o(i.M93C46_SPI2_Clock_Pulse) refers to stm32h7xx_hal_gpio.o(i.HAL_GPIO_WritePin) for HAL_GPIO_WritePin
    base_id_general_api.o(i.M93C46_SPI2_Clock_Pulse) refers to base_id_general_api.o(i.Delay1us) for Delay1us
    base_id_general_api.o(i.M93C46_SPI2_Read) refers to base_id_general_api.o(i.M93C46_SPI2_Start) for M93C46_SPI2_Start
    base_id_general_api.o(i.M93C46_SPI2_Read) refers to base_id_general_api.o(i.M93C46_SPI2_Send_Bit) for M93C46_SPI2_Send_Bit
    base_id_general_api.o(i.M93C46_SPI2_Read) refers to stm32h7xx_hal_gpio.o(i.HAL_GPIO_WritePin) for HAL_GPIO_WritePin
    base_id_general_api.o(i.M93C46_SPI2_Read) refers to base_id_general_api.o(i.Delay1us) for Delay1us
    base_id_general_api.o(i.M93C46_SPI2_Read) refers to stm32h7xx_hal_gpio.o(i.HAL_GPIO_ReadPin) for HAL_GPIO_ReadPin
    base_id_general_api.o(i.M93C46_SPI2_Read) refers to base_id_general_api.o(i.M93C46_SPI2_Stop) for M93C46_SPI2_Stop
    base_id_general_api.o(i.M93C46_SPI2_Send_Bit) refers to stm32h7xx_hal_gpio.o(i.HAL_GPIO_WritePin) for HAL_GPIO_WritePin
    base_id_general_api.o(i.M93C46_SPI2_Send_Bit) refers to base_id_general_api.o(i.M93C46_SPI2_Clock_Pulse) for M93C46_SPI2_Clock_Pulse
    base_id_general_api.o(i.M93C46_SPI2_Setup) refers to stm32h7xx_hal_gpio.o(i.HAL_GPIO_WritePin) for HAL_GPIO_WritePin
    base_id_general_api.o(i.M93C46_SPI2_Setup) refers to base_id_general_api.o(i.Delay1ms) for Delay1ms
    base_id_general_api.o(i.M93C46_SPI2_Start) refers to stm32h7xx_hal_gpio.o(i.HAL_GPIO_WritePin) for HAL_GPIO_WritePin
[...]
    ../clib/angel/sysapp.c                   0x00000000   Number         0  sys_command.o ABSOLUTE
    ../clib/angel/sysapp.c                   0x00000000   Number         0  sys_wrch.o ABSOLUTE
    ../clib/angel/sysapp.c                   0x00000000   Number         0  sys_exit.o ABSOLUTE
    ../clib/armsys.c                         0x00000000   Number         0  argv_veneer.o ABSOLUTE
    ../clib/armsys.c                         0x00000000   Number         0  no_argv.o ABSOLUTE
    ../clib/armsys.c                         0x00000000   Number         0  _get_argv_nomalloc.o ABSOLUTE
    ../clib/armsys.c                         0x00000000   Number         0  argv_veneer.o ABSOLUTE
    ../clib/heapalloc.c                      0x00000000   Number         0  hrguard.o ABSOLUTE
    ../clib/heapaux.c                        0x00000000   Number         0  heapauxi.o ABSOLUTE
    ../clib/libinit.s                        0x00000000   Number         0  libshutdown2.o ABSOLUTE
    ../clib/libinit.s                        0x00000000   Number         0  libshutdown.o ABSOLUTE
    ../clib/libinit.s                        0x00000000   Number         0  libinit2.o ABSOLUTE
    ../clib/libinit.s                        0x00000000   Number         0  libinit.o ABSOLUTE
    ../clib/memcpset.s                       0x00000000   Number         0  rt_memcpy_w.o ABSOLUTE
    ../clib/memcpset.s                       0x00000000   Number         0  rt_memclr_w.o ABSOLUTE
    ../clib/signal.c                         0x00000000   Number         0  defsig_exit.o ABSOLUTE
    ../clib/signal.c                         0x00000000   Number         0  defsig_abrt_inner.o ABSOLUTE
    ../clib/signal.c                         0x00000000   Number         0  defsig_general.o ABSOLUTE
    ../clib/signal.c                         0x00000000   Number         0  defsig_rtmem_formal.o ABSOLUTE
    ../clib/signal.c                         0x00000000   Number         0  defsig_rtmem_outer.o ABSOLUTE
    ../clib/signal.c                         0x00000000   Number         0  defsig_fpe_inner.o ABSOLUTE
    ../clib/signal.c                         0x00000000   Number         0  defsig_stak_inner.o ABSOLUTE
    ../clib/signal.c                         0x00000000   Number         0  defsig_pvfn_inner.o ABSOLUTE
    ../clib/signal.c                         0x00000000   Number         0  defsig_rtmem_inner.o ABSOLUTE
    ../clib/signal.c                         0x00000000   Number         0  defsig_cppl_inner.o ABSOLUTE
    ../clib/signal.c                         0x00000000   Number         0  defsig_segv_inner.o ABSOLUTE
    ../clib/signal.c                         0x00000000   Number         0  defsig_rtred_inner.o ABSOLUTE
    ../clib/signal.c                         0x00000000   Number         0  defsig_other.o ABSOLUTE
    ../clib/signal.c                         0x00000000   Number         0  __raise.o ABSOLUTE
    ../clib/signal.s                         0x00000000   Number         0  defsig.o ABSOLUTE
    ../clib/stdlib.c                         0x00000000   Number         0  exit.o ABSOLUTE
    ../fplib/fpinit.s                        0x00000000   Number         0  fpinit.o ABSOLUTE
    ..\Src\base_ID_general_api.c             0x00000000   Number         0  base_id_general_api.o ABSOLUTE
    ..\Src\crc.c                             0x00000000   Number         0  crc.o ABSOLUTE
    ..\Src\fdcan.c                           0x00000000   Number         0  fdcan.o ABSOLUTE
    ..\Src\gpio.c                            0x00000000   Number         0  gpio.o ABSOLUTE
    ..\Src\main.c                            0x00000000   Number         0  main.o ABSOLUTE
    ..\Src\relays.c                          0x00000000   Number         0  relays.o ABSOLUTE
    ..\Src\stm32h7xx_hal_msp.c               0x00000000   Number         0  stm32h7xx_hal_msp.o ABSOLUTE
    ..\Src\stm32h7xx_it.c                    0x00000000   Number         0  stm32h7xx_it.o ABSOLUTE
    ..\Src\system_stm32h7xx.c                0x00000000   Number         0  system_stm32h7xx.o ABSOLUTE
    ..\Src\tim.c                             0x00000000   Number         0  tim.o ABSOLUTE
    ..\\Src\\base_ID_general_api.c           0x00000000   Number         0  base_id_general_api.o ABSOLUTE
    ..\\Src\\relays.c                        0x00000000   Number         0  relays.o ABSOLUTE
    D:/Compiler/STM32CubeMX/Repository/STM32Cube_FW_H7_V1.11.0/Drivers/STM32H7xx_HAL_Driver/Src/stm32h7xx_hal.c 0x00000000   Number         0  stm32h7xx_hal.o ABSOLUTE
    D:/Compiler/STM32CubeMX/Repository/STM32Cube_FW_H7_V1.11.0/Drivers/STM32H7xx_HAL_Driver/Src/stm32h7xx_hal_cortex.c 0x00000000   Number         0  stm32h7xx_hal_cortex.o ABSOLUTE
    D:/Compiler/STM32CubeMX/Repository/STM32Cube_FW_H7_V1.11.0/Drivers/STM32H7xx_HAL_Driver/Src/stm32h7xx_hal_crc.c 0x00000000   Number         0  stm32h7xx_hal_crc.o ABSOLUTE
    D:/Compiler/STM32CubeMX/Repository/STM32Cube_FW_H7_V1.11.0/Drivers/STM32H7xx_HAL_Driver/Src/stm32h7xx_hal_crc_ex.c 0x00000000   Number         0  stm32h7xx_hal_crc_ex.o ABSOLUTE
    D:/Compiler/STM32CubeMX/Repository/STM32Cube_FW_H7_V1.11.0/Drivers/STM32H7xx_HAL_Driver/Src/stm32h7xx_hal_dma.c 0x00000000   Number         0  stm32h7xx_hal_dma.o ABSOLUTE
    D:/Compiler/STM32CubeMX/Repository/STM32Cube_FW_H7_V1.11.0/Drivers/STM32H7xx_HAL_Driver/Src/stm32h7xx_hal_dma_ex.c 0x00000000   Number         0  stm32h7xx_hal_dma_ex.o ABSOLUTE
    D:/Compiler/STM32CubeMX/Repository/STM32Cube_FW_H7_V1.11.0/Drivers/STM32H7xx_HAL_Driver/Src/stm32h7xx_hal_exti.c 0x00000000   Number         0  stm32h7xx_hal_exti.o ABSOLUTE
    D:/Compiler/STM32CubeMX/Repository/STM32Cube_FW_H7_V1.11.0/Drivers/STM32H7xx_HAL_Driver/Src/stm32h7xx_hal_fdcan.c 0x00000000   Number         0  stm32h7xx_hal_fdcan.o ABSOLUTE
    D:/Compiler/STM32CubeMX/Repository/STM32Cube_FW_H7_V1.11.0/Drivers/STM32H7xx_HAL_Driver/Src/stm32h7xx_hal_flash.c 0x00000000   Number         0  stm32h7xx_hal_flash.o ABSOLUTE
    D:/Compiler/STM32CubeMX/Repository/STM32Cube_FW_H7_V1.11.0/Drivers/STM32H7xx_HAL_Driver/Src/stm32h7xx_hal_flash_ex.c 0x00000000   Number         0  stm32h7xx_hal_flash_ex.o ABSOLUTE
    D:/Compiler/STM32CubeMX/Repository/STM32Cube_FW_H7_V1.11.0/Drivers/STM32H7xx_HAL_Driver/Src/stm32h7xx_hal_gpio.c 0x00000000   Number         0  stm32h7xx_hal_gpio.o ABSOLUTE
    D:/Compiler/STM32CubeMX/Repository/STM32Cube_FW_H7_V1.11.0/Drivers/STM32H7xx_HAL_Driver/Src/stm32h7xx_hal_hsem.c 0x00000000   Number         0  stm32h7xx_hal_hsem.o ABSOLUTE
    D:/Compiler/STM32CubeMX/Repository/STM32Cube_FW_H7_V1.11.0/Drivers/STM32H7xx_HAL_Driver/Src/stm32h7xx_hal_i2c.c 0x00000000   Number         0  stm32h7xx_hal_i2c.o ABSOLUTE
    D:/Compiler/STM32CubeMX/Repository/STM32Cube_FW_H7_V1.11.0/Drivers/STM32H7xx_HAL_Driver/Src/stm32h7xx_hal_i2c_ex.c 0x00000000   Number         0  stm32h7xx_hal_i2c_ex.o ABSOLUTE
    D:/Compiler/STM32CubeMX/Repository/STM32Cube_FW_H7_V1.11.0/Drivers/STM32H7xx_HAL_Driver/Src/stm32h7xx_hal_mdma.c 0x00000000   Number         0  stm32h7xx_hal_mdma.o ABSOLUTE
    D:/Compiler/STM32CubeMX/Repository/STM32Cube_FW_H7_V1.11.0/Drivers/STM32H7xx_HAL_Driver/Src/stm32h7xx_hal_pwr.c 0x00000000   Number         0  stm32h7xx_hal_pwr.o ABSOLUTE
    D:/Compiler/STM32CubeMX/Repository/STM32Cube_FW_H7_V1.11.0/Drivers/STM32H7xx_HAL_Driver/Src/stm32h7xx_hal_pwr_ex.c 0x00000000   Number         0  stm32h7xx_hal_pwr_ex.o ABSOLUTE
    D:/Compiler/STM32CubeMX/Repository/STM32Cube_FW_H7_V1.11.0/Drivers/STM32H7xx_HAL_Driver/Src/stm32h7xx_hal_rcc.c 0x00000000   Number         0  stm32h7xx_hal_rcc.o ABSOLUTE
    D:/Compiler/STM32CubeMX/Repository/STM32Cube_FW_H7_V1.11.0/Drivers/STM32H7xx_HAL_Driver/Src/stm32h7xx_hal_rcc_ex.c 0x00000000   Number         0  stm32h7xx_hal_rcc_ex.o ABSOLUTE
    D:/Compiler/STM32CubeMX/Repository/STM32Cube_FW_H7_V1.11.0/Drivers/STM32H7xx_HAL_Driver/Src/stm32h7xx_hal_tim.c 0x00000000   Number         0  stm32h7xx_hal_tim.o ABSOLUTE
    D:/Compiler/STM32CubeMX/Repository/STM32Cube_FW_H7_V1.11.0/Drivers/STM32H7xx_HAL_Driver/Src/stm32h7xx_hal_tim_ex.c 0x00000000   Number         0  stm32h7xx_hal_tim_ex.o ABSOLUTE
    D:\Compiler\STM32CubeMX\Repository\STM32Cube_FW_H7_V1.11.0\Drivers\STM32H7xx_HAL_Driver\Src\stm32h7xx_hal.c 0x00000000   Number         0  stm32h7xx_hal.o ABSOLUTE
    D:\Compiler\STM32CubeMX\Repository\STM32Cube_FW_H7_V1.11.0\Drivers\STM32H7xx_HAL_Driver\Src\stm32h7xx_hal_cortex.c 0x00000000   Number         0  stm32h7xx_hal_cortex.o ABSOLUTE
    D:\Compiler\STM32CubeMX\Repository\STM32Cube_FW_H7_V1.11.0\Drivers\STM32H7xx_HAL_Driver\Src\stm32h7xx_hal_crc.c 0x00000000   Number         0  stm32h7xx_hal_crc.o ABSOLUTE
    D:\Compiler\STM32CubeMX\Repository\STM32Cube_FW_H7_V1.11.0\Drivers\STM32H7xx_HAL_Driver\Src\stm32h7xx_hal_crc_ex.c 0x00000000   Number         0  stm32h7xx_hal_crc_ex.o ABSOLUTE
    D:\Compiler\STM32CubeMX\Repository\STM32Cube_FW_H7_V1.11.0\Drivers\STM32H7xx_HAL_Driver\Src\stm32h7xx_hal_dma.c 0x00000000   Number         0  stm32h7xx_hal_dma.o ABSOLUTE
    D:\Compiler\STM32CubeMX\Repository\STM32Cube_FW_H7_V1.11.0\Drivers\STM32H7xx_HAL_Driver\Src\stm32h7xx_hal_dma_ex.c 0x00000000   Number         0  stm32h7xx_hal_dma_ex.o ABSOLUTE
    D:\Compiler\STM32CubeMX\Repository\STM32Cube_FW_H7_V1.11.0\Drivers\STM32H7xx_HAL_Driver\Src\stm32h7xx_hal_exti.c 0x00000000   Number         0  stm32h7xx_hal_exti.o ABSOLUTE
    D:\Compiler\STM32CubeMX\Repository\STM32Cube_FW_H7_V1.11.0\Drivers\STM32H7xx_HAL_Driver\Src\stm32h7xx_hal_fdcan.c 0x00000000   Number         0  stm32h7xx_hal_fdcan.o ABSOLUTE
    D:\Compiler\STM32CubeMX\Repository\STM32Cube_FW_H7_V1.11.0\Drivers\STM32H7xx_HAL_Driver\Src\stm32h7xx_hal_flash.c 0x00000000   Number         0  stm32h7xx_hal_flash.o ABSOLUTE
    D:\Compiler\STM32CubeMX\Repository\STM32Cube_FW_H7_V1.11.0\Drivers\STM32H7xx_HAL_Driver\Src\stm32h7xx_hal_flash_ex.c 0x00000000   Number         0  stm32h7xx_hal_flash_ex.o ABSOLUTE
    D:\Compiler\STM32CubeMX\Repository\STM32Cube_FW_H7_V1.11.0\Drivers\STM32H7xx_HAL_Driver\Src\stm32h7xx_hal_gpio.c 0x00000000   Number         0  stm32h7xx_hal_gpio.o ABSOLUTE
    D:\Compiler\STM32CubeMX\Repository\STM32Cube_FW_H7_V1.11.0\Drivers\STM32H7xx_HAL_Driver\Src\stm32h7xx_hal_hsem.c 0x00000000   Number         0  stm32h7xx_hal_hsem.o ABSOLUTE
    D:\Compiler\STM32CubeMX\Repository\STM32Cube_FW_H7_V1.11.0\Drivers\STM32H7xx_HAL_Driver\Src\stm32h7xx_hal_i2c.c 0x00000000   Number         0  stm32h7xx_hal_i2c.o ABSOLUTE
    D:\Compiler\STM32CubeMX\Repository\STM32Cube_FW_H7_V1.11.0\Drivers\STM32H7xx_HAL_Driver\Src\stm32h7xx_hal_i2c_ex.c 0x00000000   Number         0  stm32h7xx_hal_i2c_ex.o ABSOLUTE
    D:\Compiler\STM32CubeMX\Repository\STM32Cube_FW_H7_V1.11.0\Drivers\STM32H7xx_HAL_Driver\Src\stm32h7xx_hal_mdma.c 0x00000000   Number         0  stm32h7xx_hal_mdma.o ABSOLUTE
    D:\Compiler\STM32CubeMX\Repository\STM32Cube_FW_H7_V1.11.0\Drivers\STM32H7xx_HAL_Driver\Src\stm32h7xx_hal_pwr.c 0x00000000   Number         0  stm32h7xx_hal_pwr.o ABSOLUTE
    D:\Compiler\STM32CubeMX\Repository\STM32Cube_FW_H7_V1.11.0\Drivers\STM32H7xx_HAL_Driver\Src\stm32h7xx_hal_pwr_ex.c 0x00000000   Number         0  stm32h7xx_hal_pwr_ex.o ABSOLUTE
    D:\Compiler\STM32CubeMX\Repository\STM32Cube_FW_H7_V1.11.0\Drivers\STM32H7xx_HAL_Driver\Src\stm32h7xx_hal_rcc.c 0x00000000   Number         0  stm32h7xx_hal_rcc.o ABSOLUTE
    D:\Compiler\STM32CubeMX\Repository\STM32Cube_FW_H7_V1.11.0\Drivers\STM32H7xx_HAL_Driver\Src\stm32h7xx_hal_rcc_ex.c 0x00000000   Number         0  stm32h7xx_hal_rcc_ex.o ABSOLUTE
    D:\Compiler\STM32CubeMX\Repository\STM32Cube_FW_H7_V1.11.0\Drivers\STM32H7xx_HAL_Driver\Src\stm32h7xx_hal_tim.c 0x00000000   Number         0  stm32h7xx_hal_tim.o ABSOLUTE
    D:\Compiler\STM32CubeMX\Repository\STM32Cube_FW_H7_V1.11.0\Drivers\STM32H7xx_HAL_Driver\Src\stm32h7xx_hal_tim_ex.c 0x00000000   Number         0  stm32h7xx_hal_tim_ex.o ABSOLUTE
    dc.s                                     0x00000000   Number         0  dc.o ABSOLUTE
    startup_stm32h750xx.s                    0x00000000   Number         0  startup_stm32h750xx.o ABSOLUTE
    RESET                                    0x08000000   Section      664  startup_stm32h750xx.o(RESET)
    !!!main                                  0x08000298   Section        8  __main.o(!!!main)
    !!!scatter                               0x080002a0   Section       52  __scatter.o(!!!scatter)
    !!handler_copy                           0x080002d4   Section       26  __scatter_copy.o(!!handler_copy)
    !!handler_zi                             0x080002f0   Section       28  __scatter_zi.o(!!handler_zi)
    .ARM.Collect$$libinit$$00000000          0x0800030c   Section        2  libinit.o(.ARM.Collect$$libinit$$00000000)
    .ARM.Collect$$libinit$$00000001          0x0800030e   Section        4  libinit2.o(.ARM.Collect$$libinit$$00000001)
    .ARM.Collect$$libinit$$00000004          0x08000312   Section        0  libinit2.o(.ARM.Collect$$libinit$$00000004)
    .ARM.Collect$$libinit$$0000000A          0x08000312   Section        0  libinit2.o(.ARM.Collect$$libinit$$0000000A)
    .ARM.Collect$$libinit$$0000000C          0x08000312   Section        0  libinit2.o(.ARM.Collect$$libinit$$0000000C)
    .ARM.Collect$$libinit$$0000000E          0x08000312   Section        0  libinit2.o(.ARM.Collect$$libinit$$0000000E)
    .ARM.Collect$$libinit$$00000011          0x08000312   Section        0  libinit2.o(.ARM.Collect$$libinit$$00000011)
    .ARM.Collect$$libinit$$00000013          0x08000312   Section        0  libinit2.o(.ARM.Collect$$libinit$$00000013)
    .ARM.Collect$$libinit$$00000015          0x08000312   Section        0  libinit2.o(.ARM.Collect$$libinit$$00000015)
    .ARM.Collect$$libinit$$00000017          0x08000312   Section        0  libinit2.o(.ARM.Collect$$libinit$$00000017)
    .ARM.Collect$$libinit$$00000019          0x08000312   Section        0  libinit2.o(.ARM.Collect$$libinit$$00000019)
    .ARM.Collect$$libinit$$0000001B          0x08000312   Section        0  libinit2.o(.ARM.Collect$$libinit$$0000001B)
    .ARM.Collect$$libinit$$0000001D          0x08000312   Section        0  libinit2.o(.ARM.Collect$$libinit$$0000001D)
    .ARM.Collect$$libinit$$0000001F          0x08000312   Section        0  libinit2.o(.ARM.Collect$$libinit$$0000001F)
    .ARM.Collect$$libinit$$00000021          0x08000312   Section        0  libinit2.o(.ARM.Collect$$libinit$$00000021)
    .ARM.Collect$$libinit$$00000023          0x08000312   Section        0  libinit2.o(.ARM.Collect$$libinit$$00000023)
    .ARM.Collect$$libinit$$00000025          0x08000312   Section        0  libinit2.o(.ARM.Collect$$libinit$$00000025)
    .ARM.Collect$$libinit$$0000002C          0x08000312   Section        0  libinit2.o(.ARM.Collect$$libinit$$0000002C)
    .ARM.Collect$$libinit$$0000002E          0x08000312   Section        0  libinit2.o(.ARM.Collect$$libinit$$0000002E)
    .ARM.Collect$$libinit$$00000030          0x08000312   Section        0  libinit2.o(.ARM.Collect$$libinit$$00000030)
    .ARM.Collect$$libinit$$00000032          0x08000312   Section        0  libinit2.o(.ARM.Collect$$libinit$$00000032)
    .ARM.Collect$$libinit$$00000033          0x08000312   Section        2  libinit2.o(.ARM.Collect$$libinit$$00000033)
    .ARM.Collect$$libshutdown$$00000000      0x08000314   Section        2  libshutdown.o(.ARM.Collect$$libshutdown$$00000000)
    .ARM.Collect$$libshutdown$$00000002      0x08000316   Section        0  libshutdown2.o(.ARM.Collect$$libshutdown$$00000002)
    .ARM.Collect$$libshutdown$$00000004      0x08000316   Section        0  libshutdown2.o(.ARM.Collect$$libshutdown$$00000004)
    .ARM.Collect$$libshutdown$$00000007      0x08000316   Section        0  libshutdown2.o(.ARM.Collect$$libshutdown$$00000007)
    .ARM.Collect$$libshutdown$$0000000A      0x08000316   Section        0  libshutdown2.o(.ARM.Collect$$libshutdown$$0000000A)
    .ARM.Collect$$libshutdown$$0000000C      0x08000316   Section        0  libshutdown2.o(.ARM.Collect$$libshutdown$$0000000C)
    .ARM.Collect$$libshutdown$$0000000F      0x08000316   Section        0  libshutdown2.o(.ARM.Collect$$libshutdown$$0000000F)
    .ARM.Collect$$libshutdown$$00000010      0x08000316   Section        2  libshutdown2.o(.ARM.Collect$$libshutdown$$00000010)
    .ARM.Collect$$rtentry$$00000000          0x08000318   Section        0  __rtentry.o(.ARM.Collect$$rtentry$$00000000)
    .ARM.Collect$$rtentry$$00000002          0x08000318   Section        0  __rtentry2.o(.ARM.Collect$$rtentry$$00000002)
    .ARM.Collect$$rtentry$$00000004          0x08000318   Section        6  __rtentry4.o(.ARM.Collect$$rtentry$$00000004)
    .ARM.Collect$$rtentry$$00000009          0x0800031e   Section        0  __rtentry2.o(.ARM.Collect$$rtentry$$00000009)
    .ARM.Collect$$rtentry$$0000000A          0x0800031e   Section        4  __rtentry2.o(.ARM.Collect$$rtentry$$0000000A)
    .ARM.Collect$$rtentry$$0000000C          0x08000322   Section        0  __rtentry2.o(.ARM.Collect$$rtentry$$0000000C)
    .ARM.Collect$$rtentry$$0000000D          0x08000322   Section        8  __rtentry2.o(.ARM.Collect$$rtentry$$0000000D)
    .ARM.Collect$$rtexit$$00000000           0x0800032a   Section        2  rtexit.o(.ARM.Collect$$rtexit$$00000000)
    .ARM.Collect$$rtexit$$00000002           0x0800032c   Section        0  rtexit2.o(.ARM.Collect$$rtexit$$00000002)
    .ARM.Collect$$rtexit$$00000003           0x0800032c   Section        4  rtexit2.o(.ARM.Collect$$rtexit$$00000003)
    .ARM.Collect$$rtexit$$00000004           0x08000330   Section        6  rtexit2.o(.ARM.Collect$$rtexit$$00000004)
    .text                                    0x08000338   Section       64  startup_stm32h750xx.o(.text)
    $v0                                      0x08000338   Number         0  startup_stm32h750xx.o(.text)
    .text                                    0x08000378   Section      100  rt_memcpy_w.o(.text)
    .text                                    0x080003dc   Section       78  rt_memclr_w.o(.text)
    .text                                    0x0800042a   Section        0  heapauxi.o(.text)
    .text                                    0x08000430   Section       74  sys_stackheap_outer.o(.text)
    .text                                    0x0800047a   Section        0  exit.o(.text)
    .text                                    0x0800048c   Section        8  libspace.o(.text)
    .text                                    0x08000494   Section        0  sys_exit.o(.text)
    .text                                    0x080004a0   Section        2  use_no_semi.o(.text)
    .text                                    0x080004a2   Section        0  indicate_semi.o(.text)
    i.BusFault_Handler                       0x080004a2   Section        0  stm32h7xx_it.o(i.BusFault_Handler)
    i.DebugMon_Handler                       0x080004a4   Section        0  stm32h7xx_it.o(i.DebugMon_Handler)
    i.Error_Handler                          0x080004a6   Section        0  main.o(i.Error_Handler)
    i.FDCAN1_Filter                          0x080004ac   Section        0  base_id_general_api.o(i.FDCAN1_Filter)
    i.FDCAN1_IT0_IRQHandler                  0x080004d8   Section        0  stm32h7xx_it.o(i.FDCAN1_IT0_IRQHandler)
    i.FDCAN1_Send_Msg                        0x080004e4   Section        0  base_id_general_api.o(i.FDCAN1_Send_Msg)
    i.FDCAN_CalcultateRamBlockAddresses      0x08000524   Section        0  stm32h7xx_hal_fdcan.o(i.FDCAN_CalcultateRamBlockAddresses)
    FDCAN_CalcultateRamBlockAddresses        0x08000525   Thumb Code   492  stm32h7xx_hal_fdcan.o(i.FDCAN_CalcultateRamBlockAddresses)
    i.FDCAN_CopyMessageToRAM                 0x08000718   Section        0  stm32h7xx_hal_fdcan.o(i.FDCAN_CopyMessageToRAM)
    FDCAN_CopyMessageToRAM                   0x08000719   Thumb Code   164  stm32h7xx_hal_fdcan.o(i.FDCAN_CopyMessageToRAM)
    i.HAL_CRCEx_Polynomial_Set               0x080007c0   Section        0  stm32h7xx_hal_crc_ex.o(i.HAL_CRCEx_Polynomial_Set)
    i.HAL_CRC_Init                           0x08000828   Section        0  stm32h7xx_hal_crc.o(i.HAL_CRC_Init)
    i.HAL_CRC_MspInit                        0x080008a8   Section        0  crc.o(i.HAL_CRC_MspInit)
    i.HAL_FDCAN_ActivateNotification         0x080008d0   Section        0  stm32h7xx_hal_fdcan.o(i.HAL_FDCAN_ActivateNotification)
    i.HAL_FDCAN_AddMessageToTxFifoQ          0x08000970   Section        0  stm32h7xx_hal_fdcan.o(i.HAL_FDCAN_AddMessageToTxFifoQ)
    i.HAL_FDCAN_ClockCalibrationCallback     0x080009e4   Section        0  stm32h7xx_hal_fdcan.o(i.HAL_FDCAN_ClockCalibrationCallback)
    i.HAL_FDCAN_ConfigFilter                 0x080009e6   Section        0  stm32h7xx_hal_fdcan.o(i.HAL_FDCAN_ConfigFilter)
    i.HAL_FDCAN_DeInit                       0x08000a74   Section        0  stm32h7xx_hal_fdcan.o(i.HAL_FDCAN_DeInit)
    i.HAL_FDCAN_ErrorCallback                0x08000aa2   Section        0  stm32h7xx_hal_fdcan.o(i.HAL_FDCAN_ErrorCallback)
    i.HAL_FDCAN_ErrorStatusCallback          0x08000aa4   Section        0  relays.o(i.HAL_FDCAN_ErrorStatusCallback)
    i.HAL_FDCAN_GetProtocolStatus            0x08000b00   Section        0  stm32h7xx_hal_fdcan.o(i.HAL_FDCAN_GetProtocolStatus)
    i.HAL_FDCAN_GetRxMessage                 0x08000b4c   Section        0  stm32h7xx_hal_fdcan.o(i.HAL_FDCAN_GetRxMessage)
    i.HAL_FDCAN_HighPriorityMessageCallback  0x08000d34   Section        0  stm32h7xx_hal_fdcan.o(i.HAL_FDCAN_HighPriorityMessageCallback)
    i.HAL_FDCAN_IRQHandler                   0x08000d38   Section        0  stm32h7xx_hal_fdcan.o(i.HAL_FDCAN_IRQHandler)
    i.HAL_FDCAN_Init                         0x08001038   Section        0  stm32h7xx_hal_fdcan.o(i.HAL_FDCAN_Init)
    i.HAL_FDCAN_MspDeInit                    0x080012d0   Section        0  fdcan.o(i.HAL_FDCAN_MspDeInit)
    i.HAL_FDCAN_MspInit                      0x08001308   Section        0  fdcan.o(i.HAL_FDCAN_MspInit)
    i.HAL_FDCAN_RxBufferNewMessageCallback   0x080013a4   Section        0  stm32h7xx_hal_fdcan.o(i.HAL_FDCAN_RxBufferNewMessageCallback)
    i.HAL_FDCAN_RxFifo0Callback              0x080013a8   Section        0  relays.o(i.HAL_FDCAN_RxFifo0Callback)
    i.HAL_FDCAN_RxFifo1Callback              0x080015bc   Section        0  stm32h7xx_hal_fdcan.o(i.HAL_FDCAN_RxFifo1Callback)
    i.HAL_FDCAN_Start                        0x080015be   Section        0  stm32h7xx_hal_fdcan.o(i.HAL_FDCAN_Start)
    i.HAL_FDCAN_Stop                         0x080015f0   Section        0  stm32h7xx_hal_fdcan.o(i.HAL_FDCAN_Stop)
    i.HAL_FDCAN_TT_GlobalTimeCallback        0x0800169c   Section        0  stm32h7xx_hal_fdcan.o(i.HAL_FDCAN_TT_GlobalTimeCallback)
    i.HAL_FDCAN_TT_ScheduleSyncCallback      0x0800169e   Section        0  stm32h7xx_hal_fdcan.o(i.HAL_FDCAN_TT_ScheduleSyncCallback)
    i.HAL_FDCAN_TT_StopWatchCallback         0x080016a0   Section        0  stm32h7xx_hal_fdcan.o(i.HAL_FDCAN_TT_StopWatchCallback)
    i.HAL_FDCAN_TT_TimeMarkCallback          0x080016a2   Section        0  stm32h7xx_hal_fdcan.o(i.HAL_FDCAN_TT_TimeMarkCallback)
    i.HAL_FDCAN_TimeoutOccurredCallback      0x080016a4   Section        0  stm32h7xx_hal_fdcan.o(i.HAL_FDCAN_TimeoutOccurredCallback)
    i.HAL_FDCAN_TimestampWraparoundCallback  0x080016a6   Section        0  stm32h7xx_hal_fdcan.o(i.HAL_FDCAN_TimestampWraparoundCallback)
    i.HAL_FDCAN_TxBufferAbortCallback        0x080016a8   Section        0  stm32h7xx_hal_fdcan.o(i.HAL_FDCAN_TxBufferAbortCallback)
    i.HAL_FDCAN_TxBufferCompleteCallback     0x080016aa   Section        0  stm32h7xx_hal_fdcan.o(i.HAL_FDCAN_TxBufferCompleteCallback)
    i.HAL_FDCAN_TxEventFifoCallback          0x080016ac   Section        0  stm32h7xx_hal_fdcan.o(i.HAL_FDCAN_TxEventFifoCallback)
    i.HAL_FDCAN_TxFifoEmptyCallback          0x080016ae   Section        0  stm32h7xx_hal_fdcan.o(i.HAL_FDCAN_TxFifoEmptyCallback)
    i.HAL_GPIO_DeInit                        0x080016b0   Section        0  stm32h7xx_hal_gpio.o(i.HAL_GPIO_DeInit)
    i.HAL_GPIO_Init                          0x08001830   Section        0  stm32h7xx_hal_gpio.o(i.HAL_GPIO_Init)
    i.HAL_GPIO_TogglePin                     0x08001a24   Section        0  stm32h7xx_hal_gpio.o(i.HAL_GPIO_TogglePin)
    i.HAL_GPIO_WritePin                      0x08001a34   Section        0  stm32h7xx_hal_gpio.o(i.HAL_GPIO_WritePin)
    i.HAL_GetREVID                           0x08001a44   Section        0  stm32h7xx_hal.o(i.HAL_GetREVID)
    i.HAL_GetTick                            0x08001a50   Section        0  stm32h7xx_hal.o(i.HAL_GetTick)
    i.HAL_IncTick                            0x08001a5c   Section        0  stm32h7xx_hal.o(i.HAL_IncTick)
    i.HAL_Init                               0x08001a6c   Section        0  stm32h7xx_hal.o(i.HAL_Init)
    i.HAL_InitTick                           0x08001ac8   Section        0  stm32h7xx_hal.o(i.HAL_InitTick)
    i.HAL_MspInit                            0x08001b14   Section        0  stm32h7xx_hal_msp.o(i.HAL_MspInit)
    i.HAL_NVIC_DisableIRQ                    0x08001b30   Section        0  stm32h7xx_hal_cortex.o(i.HAL_NVIC_DisableIRQ)
    i.HAL_NVIC_EnableIRQ                     0x08001b54   Section        0  stm32h7xx_hal_cortex.o(i.HAL_NVIC_EnableIRQ)
    i.HAL_NVIC_SetPriority                   0x08001b70   Section        0  stm32h7xx_hal_cortex.o(i.HAL_NVIC_SetPriority)
    i.HAL_NVIC_SetPriorityGrouping           0x08001bdc   Section        0  stm32h7xx_hal_cortex.o(i.HAL_NVIC_SetPriorityGrouping)
    i.HAL_PWREx_ConfigSupply                 0x08001c00   Section        0  stm32h7xx_hal_pwr_ex.o(i.HAL_PWREx_ConfigSupply)
    i.HAL_RCCEx_PeriphCLKConfig              0x08001c60   Section        0  stm32h7xx_hal_rcc_ex.o(i.HAL_RCCEx_PeriphCLKConfig)
    i.HAL_RCC_ClockConfig                    0x08002708   Section        0  stm32h7xx_hal_rcc.o(i.HAL_RCC_ClockConfig)
    i.HAL_RCC_GetSysClockFreq                0x080029c4   Section        0  stm32h7xx_hal_rcc.o(i.HAL_RCC_GetSysClockFreq)
    i.HAL_RCC_OscConfig                      0x08002ba0   Section        0  stm32h7xx_hal_rcc.o(i.HAL_RCC_OscConfig)
    i.HAL_SYSTICK_Config                     0x080032dc   Section        0  stm32h7xx_hal_cortex.o(i.HAL_SYSTICK_Config)
    i.HAL_TIMEx_Break2Callback               0x08003304   Section        0  stm32h7xx_hal_tim_ex.o(i.HAL_TIMEx_Break2Callback)
    i.HAL_TIMEx_BreakCallback                0x08003306   Section        0  stm32h7xx_hal_tim_ex.o(i.HAL_TIMEx_BreakCallback)
    i.HAL_TIMEx_CommutCallback               0x08003308   Section        0  stm32h7xx_hal_tim_ex.o(i.HAL_TIMEx_CommutCallback)
    i.HAL_TIMEx_MasterConfigSynchronization  0x0800330c   Section        0  stm32h7xx_hal_tim_ex.o(i.HAL_TIMEx_MasterConfigSynchronization)
    i.HAL_TIM_Base_Init                      0x080033b4   Section        0  stm32h7xx_hal_tim.o(i.HAL_TIM_Base_Init)
    i.HAL_TIM_Base_MspInit                   0x08003418   Section        0  tim.o(i.HAL_TIM_Base_MspInit)
    i.HAL_TIM_Base_Start_IT                  0x08003454   Section        0  stm32h7xx_hal_tim.o(i.HAL_TIM_Base_Start_IT)
    i.HAL_TIM_ConfigClockSource              0x080034e8   Section        0  stm32h7xx_hal_tim.o(i.HAL_TIM_ConfigClockSource)
    i.HAL_TIM_IC_CaptureCallback             0x080035f2   Section        0  stm32h7xx_hal_tim.o(i.HAL_TIM_IC_CaptureCallback)
    i.HAL_TIM_IRQHandler                     0x080035f4   Section        0  stm32h7xx_hal_tim.o(i.HAL_TIM_IRQHandler)
    i.HAL_TIM_OC_DelayElapsedCallback        0x08003786   Section        0  stm32h7xx_hal_tim.o(i.HAL_TIM_OC_DelayElapsedCallback)
    i.HAL_TIM_PWM_PulseFinishedCallback      0x08003788   Section        0  stm32h7xx_hal_tim.o(i.HAL_TIM_PWM_PulseFinishedCallback)
    i.HAL_TIM_PeriodElapsedCallback          0x0800378c   Section        0  relays.o(i.HAL_TIM_PeriodElapsedCallback)
    i.HAL_TIM_TriggerCallback                0x080037c0   Section        0  stm32h7xx_hal_tim.o(i.HAL_TIM_TriggerCallback)
    i.HardFault_Handler                      0x080037c2   Section        0  stm32h7xx_it.o(i.HardFault_Handler)
    i.MX_CRC_Init                            0x080037c4   Section        0  crc.o(i.MX_CRC_Init)
    i.MX_FDCAN1_Init                         0x080037f4   Section        0  fdcan.o(i.MX_FDCAN1_Init)
    i.MX_GPIO_Init                           0x08003864   Section        0  gpio.o(i.MX_GPIO_Init)
    i.MX_TIM1_Init                           0x08003934   Section        0  tim.o(i.MX_TIM1_Init)
    i.MemManage_Handler                      0x080039a0   Section        0  stm32h7xx_it.o(i.MemManage_Handler)
    i.NMI_Handler                            0x080039a2   Section        0  stm32h7xx_it.o(i.NMI_Handler)
    i.PendSV_Handler                         0x080039a4   Section        0  stm32h7xx_it.o(i.PendSV_Handler)
    i.RCCEx_PLL2_Config                      0x080039a8   Section        0  stm32h7xx_hal_rcc_ex.o(i.RCCEx_PLL2_Config)
    RCCEx_PLL2_Config                        0x080039a9   Thumb Code   300  stm32h7xx_hal_rcc_ex.o(i.RCCEx_PLL2_Config)
    i.RCCEx_PLL3_Config                      0x08003ae8   Section        0  stm32h7xx_hal_rcc_ex.o(i.RCCEx_PLL3_Config)
    RCCEx_PLL3_Config                        0x08003ae9   Thumb Code   300  stm32h7xx_hal_rcc_ex.o(i.RCCEx_PLL3_Config)
    i.Relays_Start                           0x08003c28   Section        0  relays.o(i.Relays_Start)
    i.SVC_Handler                            0x08003ca4   Section        0  stm32h7xx_it.o(i.SVC_Handler)
    i.SysTick_Handler                        0x08003ca6   Section        0  stm32h7xx_it.o(i.SysTick_Handler)
    i.SystemClock_Config                     0x08003cac   Section        0  main.o(i.SystemClock_Config)
    i.SystemInit                             0x08003d50   Section        0  system_stm32h7xx.o(i.SystemInit)
    i.TIM1_UP_IRQHandler                     0x08003e2c   Section        0  stm32h7xx_it.o(i.TIM1_UP_IRQHandler)
    i.TIM_Base_SetConfig                     0x08003e38   Section        0  stm32h7xx_hal_tim.o(i.TIM_Base_SetConfig)
    i.TIM_ETR_SetConfig                      0x08003f00   Section        0  stm32h7xx_hal_tim.o(i.TIM_ETR_SetConfig)
    i.TIM_ITRx_SetConfig                     0x08003f16   Section        0  stm32h7xx_hal_tim.o(i.TIM_ITRx_SetConfig)
    TIM_ITRx_SetConfig                       0x08003f17   Thumb Code    20  stm32h7xx_hal_tim.o(i.TIM_ITRx_SetConfig)
    i.TIM_TI1_ConfigInputStage               0x08003f2a   Section        0  stm32h7xx_hal_tim.o(i.TIM_TI1_ConfigInputStage)
    TIM_TI1_ConfigInputStage                 0x08003f2b   Thumb Code    38  stm32h7xx_hal_tim.o(i.TIM_TI1_ConfigInputStage)
    i.TIM_TI2_ConfigInputStage               0x08003f50   Section        0  stm32h7xx_hal_tim.o(i.TIM_TI2_ConfigInputStage)
    TIM_TI2_ConfigInputStage                 0x08003f51   Thumb Code    36  stm32h7xx_hal_tim.o(i.TIM_TI2_ConfigInputStage)
    i.UsageFault_Handler                     0x08003f74   Section        0  stm32h7xx_it.o(i.UsageFault_Handler)
    i.main                                   0x08003f78   Section        0  main.o(i.main)
    x$fpl$fpinit                             0x08004018   Section       10  fpinit.o(x$fpl$fpinit)
    $v0                                      0x08004018   Number         0  fpinit.o(x$fpl$fpinit)
    .constdata                               0x08004022   Section       16  system_stm32h7xx.o(.constdata)
    .constdata                               0x08004034   Section       92  stm32h7xx_hal_fdcan.o(.constdata)
    DLCtoBytes                               0x08004034   Data          16  stm32h7xx_hal_fdcan.o(.constdata)
    .data                                    0x24000000   Section       12  relays.o(.data)
    .data                                    0x2400000c   Section        8  system_stm32h7xx.o(.data)
    .data                                    0x24000014   Section       12  stm32h7xx_hal.o(.data)
    .bss                                     0x24000020   Section      128  relays.o(.bss)
    .bss                                     0x240000a0   Section       36  crc.o(.bss)
    .bss                                     0x240000c4   Section      160  fdcan.o(.bss)
    .bss                                     0x24000164   Section       76  tim.o(.bss)
    .bss                                     0x240001b0   Section       96  libspace.o(.bss)
    HEAP                                     0x24000210   Section     1024  startup_stm32h750xx.o(HEAP)
    Heap_Mem                                 0x24000210   Data        1024  startup_stm32h750xx.o(HEAP)
    STACK                                    0x24000610   Section     2048  startup_stm32h750xx.o(STACK)
    Stack_Mem                                0x24000610   Data        2048  startup_stm32h750xx.o(STACK)
    __initial_sp                             0x24000e10   Data           0  startup_stm32h750xx.o(STACK)

    Global Symbols

    Symbol Name                              Value     Ov Type        Size  Object(Section)

    BuildAttributes$$THM_ISAv4$E$P$D$K$B$S$7EM$VFPv5_D16$PE$PLD8$A:L22UL41UL21$X:L11$S22US41US21$IEEE1$IW$USESV6$~STKCKD$USESV7$~SHL$OTIME$ROPI$EBA8$UX$STANDARDLIB$REQ8$PRES8$EABIv2 0x00000000   Number         0  anon$$obj.o ABSOLUTE
    __ARM_use_no_argv                        0x00000000   Number         0  main.o ABSOLUTE
    __ARM_exceptions_init                     - Undefined Weak Reference
    __alloca_initialize                       - Undefined Weak Reference
    __arm_preinit_                            - Undefined Weak Reference
    __cpp_initialize__aeabi_                  - Undefined Weak Reference
    __cxa_finalize                            - Undefined Weak Reference
    __rt_locale                               - Undefined Weak Reference
    __sigvec_lookup                           - Undefined Weak Reference
    _atexit_init                              - Undefined Weak Reference
    _call_atexit_fns                          - Undefined Weak Reference
    _clock_init                               - Undefined Weak Reference
    _fp_trap_init                             - Undefined Weak Reference
    _fp_trap_shutdown                         - Undefined Weak Reference
    _get_lc_collate                           - Undefined Weak Reference
    _get_lc_ctype                             - Undefined Weak Reference
    _get_lc_monetary                          - Undefined Weak Reference
    _get_lc_numeric                           - Undefined Weak Reference
    _get_lc_time                              - Undefined Weak Reference
    _getenv_init                              - Undefined Weak Reference
    _handle_redirection                       - Undefined Weak Reference
    _init_alloc                               - Undefined Weak Reference
    _init_user_alloc                          - Undefined Weak Reference
    _initio                                   - Undefined Weak Reference
    _rand_init                                - Undefined Weak Reference
    _signal_finish                            - Undefined Weak Reference
    _signal_init                              - Undefined Weak Reference
    _terminate_alloc                          - Undefined Weak Reference
    _terminate_user_alloc                     - Undefined Weak Reference
    _terminateio                              - Undefined Weak Reference
    __Vectors_Size                           0x00000298   Number         0  startup_stm32h750xx.o ABSOLUTE
    __Vectors                                0x08000000   Data           4  startup_stm32h750xx.o(RESET)
    __Vectors_End                            0x08000298   Data           0  startup_stm32h750xx.o(RESET)
    __main                                   0x08000299   Thumb Code     8  __main.o(!!!main)
    __scatterload                            0x080002a1   Thumb Code     0  __scatter.o(!!!scatter)
    __scatterload_rt2                        0x080002a1   Thumb Code    44  __scatter.o(!!!scatter)
    __scatterload_rt2_thumb_only             0x080002a1   Thumb Code     0  __scatter.o(!!!scatter)
    __scatterload_null                       0x080002af   Thumb Code     0  __scatter.o(!!!scatter)
    __scatterload_copy                       0x080002d5   Thumb Code    26  __scatter_copy.o(!!handler_copy)
    __scatterload_zeroinit                   0x080002f1   Thumb Code    28  __scatter_zi.o(!!handler_zi)
    __rt_lib_init                            0x0800030d   Thumb Code     0  libinit.o(.ARM.Collect$$libinit$$00000000)
    __rt_lib_init_fp_1                       0x0800030f   Thumb Code     0  libinit2.o(.ARM.Collect$$libinit$$00000001)
    __rt_lib_init_alloca_1                   0x08000313   Thumb Code     0  libinit2.o(.ARM.Collect$$libinit$$0000002E)
    __rt_lib_init_argv_1                     0x08000313   Thumb Code     0  libinit2.o(.ARM.Collect$$libinit$$0000002C)
    __rt_lib_init_atexit_1                   0x08000313   Thumb Code     0  libinit2.o(.ARM.Collect$$libinit$$0000001B)
    __rt_lib_init_clock_1                    0x08000313   Thumb Code     0  libinit2.o(.ARM.Collect$$libinit$$00000021)
    __rt_lib_init_cpp_1                      0x08000313   Thumb Code     0  libinit2.o(.ARM.Collect$$libinit$$00000032)
    __rt_lib_init_exceptions_1               0x08000313   Thumb Code     0  libinit2.o(.ARM.Collect$$libinit$$00000030)
    __rt_lib_init_fp_trap_1                  0x08000313   Thumb Code     0  libinit2.o(.ARM.Collect$$libinit$$0000001F)
    __rt_lib_init_getenv_1                   0x08000313   Thumb Code     0  libinit2.o(.ARM.Collect$$libinit$$00000023)
    __rt_lib_init_heap_1                     0x08000313   Thumb Code     0  libinit2.o(.ARM.Collect$$libinit$$0000000A)
    __rt_lib_init_lc_collate_1               0x08000313   Thumb Code     0  libinit2.o(.ARM.Collect$$libinit$$00000011)
    __rt_lib_init_lc_ctype_1                 0x08000313   Thumb Code     0  libinit2.o(.ARM.Collect$$libinit$$00000013)
    __rt_lib_init_lc_monetary_1              0x08000313   Thumb Code     0  libinit2.o(.ARM.Collect$$libinit$$00000015)
    __rt_lib_init_lc_numeric_1               0x08000313   Thumb Code     0  libinit2.o(.ARM.Collect$$libinit$$00000017)
    __rt_lib_init_lc_time_1                  0x08000313   Thumb Code     0  libinit2.o(.ARM.Collect$$libinit$$00000019)
    __rt_lib_init_preinit_1                  0x08000313   Thumb Code     0  libinit2.o(.ARM.Collect$$libinit$$00000004)
    __rt_lib_init_rand_1                     0x08000313   Thumb Code     0  libinit2.o(.ARM.Collect$$libinit$$0000000E)
    __rt_lib_init_return                     0x08000313   Thumb Code     0  libinit2.o(.ARM.Collect$$libinit$$00000033)
    __rt_lib_init_signal_1                   0x08000313   Thumb Code     0  libinit2.o(.ARM.Collect$$libinit$$0000001D)
    __rt_lib_init_stdio_1                    0x08000313   Thumb Code     0  libinit2.o(.ARM.Collect$$libinit$$00000025)
    __rt_lib_init_user_alloc_1               0x08000313   Thumb Code     0  libinit2.o(.ARM.Collect$$libinit$$0000000C)
    __rt_lib_shutdown                        0x08000315   Thumb Code     0  libshutdown.o(.ARM.Collect$$libshutdown$$00000000)
    __rt_lib_shutdown_cpp_1                  0x08000317   Thumb Code     0  libshutdown2.o(.ARM.Collect$$libshutdown$$00000002)
    __rt_lib_shutdown_fp_trap_1              0x08000317   Thumb Code     0  libshutdown2.o(.ARM.Collect$$libshutdown$$00000007)
    __rt_lib_shutdown_heap_1                 0x08000317   Thumb Code     0  libshutdown2.o(.ARM.Collect$$libshutdown$$0000000F)
    __rt_lib_shutdown_return                 0x08000317   Thumb Code     0  libshutdown2.o(.ARM.Collect$$libshutdown$$00000010)
    __rt_lib_shutdown_signal_1               0x08000317   Thumb Code     0  libshutdown2.o(.ARM.Collect$$libshutdown$$0000000A)
    __rt_lib_shutdown_stdio_1                0x08000317   Thumb Code     0  libshutdown2.o(.ARM.Collect$$libshutdown$$00000004)
    __rt_lib_shutdown_user_alloc_1           0x08000317   Thumb Code     0  libshutdown2.o(.ARM.Collect$$libshutdown$$0000000C)
    __rt_entry                               0x08000319   Thumb Code     0  __rtentry.o(.ARM.Collect$$rtentry$$00000000)
    __rt_entry_presh_1                       0x08000319   Thumb Code     0  __rtentry2.o(.ARM.Collect$$rtentry$$00000002)
    __rt_entry_sh                            0x08000319   Thumb Code     0  __rtentry4.o(.ARM.Collect$$rtentry$$00000004)
    __rt_entry_li                            0x0800031f   Thumb Code     0  __rtentry2.o(.ARM.Collect$$rtentry$$0000000A)
    __rt_entry_postsh_1                      0x0800031f   Thumb Code     0  __rtentry2.o(.ARM.Collect$$rtentry$$00000009)
    __rt_entry_main                          0x08000323   Thumb Code     0  __rtentry2.o(.ARM.Collect$$rtentry$$0000000D)
    __rt_entry_postli_1                      0x08000323   Thumb Code     0  __rtentry2.o(.ARM.Collect$$rtentry$$0000000C)
    __rt_exit                                0x0800032b   Thumb Code     0  rtexit.o(.ARM.Collect$$rtexit$$00000000)
    __rt_exit_ls                             0x0800032d   Thumb Code     0  rtexit2.o(.ARM.Collect$$rtexit$$00000003)
    __rt_exit_prels_1                        0x0800032d   Thumb Code     0  rtexit2.o(.ARM.Collect$$rtexit$$00000002)
    __rt_exit_exit                           0x08000331   Thumb Code     0  rtexit2.o(.ARM.Collect$$rtexit$$00000004)
    Reset_Handler                            0x08000339   Thumb Code     8  startup_stm32h750xx.o(.text)
    ADC3_IRQHandler                          0x08000353   Thumb Code     0  startup_stm32h750xx.o(.text)
    ADC_IRQHandler                           0x08000353   Thumb Code     0  startup_stm32h750xx.o(.text)
    BDMA_Channel0_IRQHandler                 0x08000353   Thumb Code     0  startup_stm32h750xx.o(.text)
    BDMA_Channel1_IRQHandler                 0x08000353   Thumb Code     0  startup_stm32h750xx.o(.text)
    BDMA_Channel2_IRQHandler                 0x08000353   Thumb Code     0  startup_stm32h750xx.o(.text)
    BDMA_Channel3_IRQHandler                 0x08000353   Thumb Code     0  startup_stm32h750xx.o(.text)
    BDMA_Channel4_IRQHandler                 0x08000353   Thumb Code     0  startup_stm32h750xx.o(.text)
    BDMA_Channel5_IRQHandler                 0x08000353   Thumb Code     0  startup_stm32h750xx.o(.text)
    BDMA_Channel6_IRQHandler                 0x08000353   Thumb Code     0  startup_stm32h750xx.o(.text)
    BDMA_Channel7_IRQHandler                 0x08000353   Thumb Code     0  startup_stm32h750xx.o(.text)
    CEC_IRQHandler                           0x08000353   Thumb Code     0  startup_stm32h750xx.o(.text)
    COMP1_IRQHandler                         0x08000353   Thumb Code     0  startup_stm32h750xx.o(.text)
    CRS_IRQHandler                           0x08000353   Thumb Code     0  startup_stm32h750xx.o(.text)
    CRYP_IRQHandler                          0x08000353   Thumb Code     0  startup_stm32h750xx.o(.text)
    DCMI_IRQHandler                          0x08000353   Thumb Code     0  startup_stm32h750xx.o(.text)
    DFSDM1_FLT0_IRQHandler                   0x08000353   Thumb Code     0  startup_stm32h750xx.o(.text)
    DFSDM1_FLT1_IRQHandler                   0x08000353   Thumb Code     0  startup_stm32h750xx.o(.text)
    DFSDM1_FLT2_IRQHandler                   0x08000353   Thumb Code     0  startup_stm32h750xx.o(.text)
    DFSDM1_FLT3_IRQHandler                   0x08000353   Thumb Code     0  startup_stm32h750xx.o(.text)
    DMA1_Stream0_IRQHandler                  0x08000353   Thumb Code     0  startup_stm32h750xx.o(.text)
    DMA1_Stream1_IRQHandler                  0x08000353   Thumb Code     0  startup_stm32h750xx.o(.text)
    DMA1_Stream2_IRQHandler                  0x08000353   Thumb Code     0  startup_stm32h750xx.o(.text)
    DMA1_Stream3_IRQHandler                  0x08000353   Thumb Code     0  startup_stm32h750xx.o(.text)
    DMA1_Stream4_IRQHandler                  0x08000353   Thumb Code     0  startup_stm32h750xx.o(.text)
    DMA1_Stream5_IRQHandler                  0x08000353   Thumb Code     0  startup_stm32h750xx.o(.text)
    DMA1_Stream6_IRQHandler                  0x08000353   Thumb Code     0  startup_stm32h750xx.o(.text)
    DMA1_Stream7_IRQHandler                  0x08000353   Thumb Code     0  startup_stm32h750xx.o(.text)
    DMA2D_IRQHandler                         0x08000353   Thumb Code     0  startup_stm32h750xx.o(.text)
    DMA2_Stream0_IRQHandler                  0x08000353   Thumb Code     0  startup_stm32h750xx.o(.text)
    DMA2_Stream1_IRQHandler                  0x08000353   Thumb Code     0  startup_stm32h750xx.o(.text)
    DMA2_Stream2_IRQHandler                  0x08000353   Thumb Code     0  startup_stm32h750xx.o(.text)
    DMA2_Stream3_IRQHandler                  0x08000353   Thumb Code     0  startup_stm32h750xx.o(.text)
    DMA2_Stream4_IRQHandler                  0x08000353   Thumb Code     0  startup_stm32h750xx.o(.text)
    DMA2_Stream5_IRQHandler                  0x08000353   Thumb Code     0  startup_stm32h750xx.o(.text)
    DMA2_Stream6_IRQHandler                  0x08000353   Thumb Code     0  startup_stm32h750xx.o(.text)
    DMA2_Stream7_IRQHandler                  0x08000353   Thumb Code     0  startup_stm32h750xx.o(.text)
    DMAMUX1_OVR_IRQHandler                   0x08000353   Thumb Code     0  startup_stm32h750xx.o(.text)
    DMAMUX2_OVR_IRQHandler                   0x08000353   Thumb Code     0  startup_stm32h750xx.o(.text)
    ECC_IRQHandler                           0x08000353   Thumb Code     0  startup_stm32h750xx.o(.text)
    ETH_IRQHandler                           0x08000353   Thumb Code     0  startup_stm32h750xx.o(.text)
    ETH_WKUP_IRQHandler                      0x08000353   Thumb Code     0  startup_stm32h750xx.o(.text)
    EXTI0_IRQHandler                         0x08000353   Thumb Code     0  startup_stm32h750xx.o(.text)
    EXTI15_10_IRQHandler                     0x08000353   Thumb Code     0  startup_stm32h750xx.o(.text)
    EXTI1_IRQHandler                         0x08000353   Thumb Code     0  startup_stm32h750xx.o(.text)
    EXTI2_IRQHandler                         0x08000353   Thumb Code     0  startup_stm32h750xx.o(.text)
    EXTI3_IRQHandler                         0x08000353   Thumb Code     0  startup_stm32h750xx.o(.text)
    EXTI4_IRQHandler                         0x08000353   Thumb Code     0  startup_stm32h750xx.o(.text)
    EXTI9_5_IRQHandler                       0x08000353   Thumb Code     0  startup_stm32h750xx.o(.text)
    FDCAN1_IT1_IRQHandler                    0x08000353   Thumb Code     0  startup_stm32h750xx.o(.text)
    FDCAN2_IT0_IRQHandler                    0x08000353   Thumb Code     0  startup_stm32h750xx.o(.text)
    FDCAN2_IT1_IRQHandler                    0x08000353   Thumb Code     0  startup_stm32h750xx.o(.text)
    FDCAN_CAL_IRQHandler                     0x08000353   Thumb Code     0  startup_stm32h750xx.o(.text)
    FLASH_IRQHandler                         0x08000353   Thumb Code     0  startup_stm32h750xx.o(.text)
    FMC_IRQHandler                           0x08000353   Thumb Code     0  startup_stm32h750xx.o(.text)
    FPU_IRQHandler                           0x08000353   Thumb Code     0  startup_stm32h750xx.o(.text)
    HASH_RNG_IRQHandler                      0x08000353   Thumb Code     0  startup_stm32h750xx.o(.text)
    HRTIM1_FLT_IRQHandler                    0x08000353   Thumb Code     0  startup_stm32h750xx.o(.text)
    HRTIM1_Master_IRQHandler                 0x08000353   Thumb Code     0  startup_stm32h750xx.o(.text)
    HRTIM1_TIMA_IRQHandler                   0x08000353   Thumb Code     0  startup_stm32h750xx.o(.text)
    HRTIM1_TIMB_IRQHandler                   0x08000353   Thumb Code     0  startup_stm32h750xx.o(.text)
    HRTIM1_TIMC_IRQHandler                   0x08000353   Thumb Code     0  startup_stm32h750xx.o(.text)
    HRTIM1_TIMD_IRQHandler                   0x08000353   Thumb Code     0  startup_stm32h750xx.o(.text)
    HRTIM1_TIME_IRQHandler                   0x08000353   Thumb Code     0  startup_stm32h750xx.o(.text)
    HSEM1_IRQHandler                         0x08000353   Thumb Code     0  startup_stm32h750xx.o(.text)
    I2C1_ER_IRQHandler                       0x08000353   Thumb Code     0  startup_stm32h750xx.o(.text)
    I2C1_EV_IRQHandler                       0x08000353   Thumb Code     0  startup_stm32h750xx.o(.text)
    I2C2_ER_IRQHandler                       0x08000353   Thumb Code     0  startup_stm32h750xx.o(.text)
    I2C2_EV_IRQHandler                       0x08000353   Thumb Code     0  startup_stm32h750xx.o(.text)
    I2C3_ER_IRQHandler                       0x08000353   Thumb Code     0  startup_stm32h750xx.o(.text)
    I2C3_EV_IRQHandler                       0x08000353   Thumb Code     0  startup_stm32h750xx.o(.text)
    I2C4_ER_IRQHandler                       0x08000353   Thumb Code     0  startup_stm32h750xx.o(.text)
    I2C4_EV_IRQHandler                       0x08000353   Thumb Code     0  startup_stm32h750xx.o(.text)
    JPEG_IRQHandler                          0x08000353   Thumb Code     0  startup_stm32h750xx.o(.text)
    LPTIM1_IRQHandler                        0x08000353   Thumb Code     0  startup_stm32h750xx.o(.text)
    LPTIM2_IRQHandler                        0x08000353   Thumb Code     0  startup_stm32h750xx.o(.text)
    LPTIM3_IRQHandler                        0x08000353   Thumb Code     0  startup_stm32h750xx.o(.text)
    LPTIM4_IRQHandler                        0x08000353   Thumb Code     0  startup_stm32h750xx.o(.text)
    LPTIM5_IRQHandler                        0x08000353   Thumb Code     0  startup_stm32h750xx.o(.text)
    LPUART1_IRQHandler                       0x08000353   Thumb Code     0  startup_stm32h750xx.o(.text)
    LTDC_ER_IRQHandler                       0x08000353   Thumb Code     0  startup_stm32h750xx.o(.text)
    LTDC_IRQHandler                          0x08000353   Thumb Code     0  startup_stm32h750xx.o(.text)
    MDIOS_IRQHandler                         0x08000353   Thumb Code     0  startup_stm32h750xx.o(.text)
    MDIOS_WKUP_IRQHandler                    0x08000353   Thumb Code     0  startup_stm32h750xx.o(.text)
    MDMA_IRQHandler                          0x08000353   Thumb Code     0  startup_stm32h750xx.o(.text)
    OTG_FS_EP1_IN_IRQHandler                 0x08000353   Thumb Code     0  startup_stm32h750xx.o(.text)
    OTG_FS_EP1_OUT_IRQHandler                0x08000353   Thumb Code     0  startup_stm32h750xx.o(.text)
    OTG_FS_IRQHandler                        0x08000353   Thumb Code     0  startup_stm32h750xx.o(.text)
    OTG_FS_WKUP_IRQHandler                   0x08000353   Thumb Code     0  startup_stm32h750xx.o(.text)
    OTG_HS_EP1_IN_IRQHandler                 0x08000353   Thumb Code     0  startup_stm32h750xx.o(.text)
    OTG_HS_EP1_OUT_IRQHandler                0x08000353   Thumb Code     0  startup_stm32h750xx.o(.text)
    OTG_HS_IRQHandler                        0x08000353   Thumb Code     0  startup_stm32h750xx.o(.text)
    OTG_HS_WKUP_IRQHandler                   0x08000353   Thumb Code     0  startup_stm32h750xx.o(.text)
    PVD_AVD_IRQHandler                       0x08000353   Thumb Code     0  startup_stm32h750xx.o(.text)
    QUADSPI_IRQHandler                       0x08000353   Thumb Code     0  startup_stm32h750xx.o(.text)
    RCC_IRQHandler                           0x08000353   Thumb Code     0  startup_stm32h750xx.o(.text)
    RTC_Alarm_IRQHandler                     0x08000353   Thumb Code     0  startup_stm32h750xx.o(.text)
    RTC_WKUP_IRQHandler                      0x08000353   Thumb Code     0  startup_stm32h750xx.o(.text)
    SAI1_IRQHandler                          0x08000353   Thumb Code     0  startup_stm32h750xx.o(.text)
    SAI2_IRQHandler                          0x08000353   Thumb Code     0  startup_stm32h750xx.o(.text)
    SAI3_IRQHandler                          0x08000353   Thumb Code     0  startup_stm32h750xx.o(.text)
    SAI4_IRQHandler                          0x08000353   Thumb Code     0  startup_stm32h750xx.o(.text)
    SDMMC1_IRQHandler                        0x08000353   Thumb Code     0  startup_stm32h750xx.o(.text)
    SDMMC2_IRQHandler                        0x08000353   Thumb Code     0  startup_stm32h750xx.o(.text)
    SPDIF_RX_IRQHandler                      0x08000353   Thumb Code     0  startup_stm32h750xx.o(.text)
    SPI1_IRQHandler                          0x08000353   Thumb Code     0  startup_stm32h750xx.o(.text)
    SPI2_IRQHandler                          0x08000353   Thumb Code     0  startup_stm32h750xx.o(.text)
    SPI3_IRQHandler                          0x08000353   Thumb Code     0  startup_stm32h750xx.o(.text)
    SPI4_IRQHandler                          0x08000353   Thumb Code     0  startup_stm32h750xx.o(.text)
    SPI5_IRQHandler                          0x08000353   Thumb Code     0  startup_stm32h750xx.o(.text)
    SPI6_IRQHandler                          0x08000353   Thumb Code     0  startup_stm32h750xx.o(.text)
    SWPMI1_IRQHandler                        0x08000353   Thumb Code     0  startup_stm32h750xx.o(.text)
    TAMP_STAMP_IRQHandler                    0x08000353   Thumb Code     0  startup_stm32h750xx.o(.text)
    TIM15_IRQHandler                         0x08000353   Thumb Code     0  startup_stm32h750xx.o(.text)
    TIM16_IRQHandler                         0x08000353   Thumb Code     0  startup_stm32h750xx.o(.text)
    TIM17_IRQHandler                         0x08000353   Thumb Code     0  startup_stm32h750xx.o(.text)
    TIM1_BRK_IRQHandler                      0x08000353   Thumb Code     0  startup_stm32h750xx.o(.text)
    TIM1_CC_IRQHandler                       0x08000353   Thumb Code     0  startup_stm32h750xx.o(.text)
    TIM1_TRG_COM_IRQHandler                  0x08000353   Thumb Code     0  startup_stm32h750xx.o(.text)
    TIM2_IRQHandler                          0x08000353   Thumb Code     0  startup_stm32h750xx.o(.text)
    TIM3_IRQHandler                          0x08000353   Thumb Code     0  startup_stm32h750xx.o(.text)
    TIM4_IRQHandler                          0x08000353   Thumb Code     0  startup_stm32h750xx.o(.text)
    TIM5_IRQHandler                          0x08000353   Thumb Code     0  startup_stm32h750xx.o(.text)
    TIM6_DAC_IRQHandler                      0x08000353   Thumb Code     0  startup_stm32h750xx.o(.text)
    TIM7_IRQHandler                          0x08000353   Thumb Code     0  startup_stm32h750xx.o(.text)
    TIM8_BRK_TIM12_IRQHandler                0x08000353   Thumb Code     0  startup_stm32h750xx.o(.text)
    TIM8_CC_IRQHandler                       0x08000353   Thumb Code     0  startup_stm32h750xx.o(.text)
    TIM8_TRG_COM_TIM14_IRQHandler            0x08000353   Thumb Code     0  startup_stm32h750xx.o(.text)
    TIM8_UP_TIM13_IRQHandler                 0x08000353   Thumb Code     0  startup_stm32h750xx.o(.text)
    UART4_IRQHandler                         0x08000353   Thumb Code     0  startup_stm32h750xx.o(.text)
    UART5_IRQHandler                         0x08000353   Thumb Code     0  startup_stm32h750xx.o(.text)
    UART7_IRQHandler                         0x08000353   Thumb Code     0  startup_stm32h750xx.o(.text)
    UART8_IRQHandler                         0x08000353   Thumb Code     0  startup_stm32h750xx.o(.text)
    USART1_IRQHandler                        0x08000353   Thumb Code     0  startup_stm32h750xx.o(.text)
    USART2_IRQHandler                        0x08000353   Thumb Code     0  startup_stm32h750xx.o(.text)
    USART3_IRQHandler                        0x08000353   Thumb Code     0  startup_stm32h750xx.o(.text)
    USART6_IRQHandler                        0x08000353   Thumb Code     0  startup_stm32h750xx.o(.text)
    WAKEUP_PIN_IRQHandler                    0x08000353   Thumb Code     0  startup_stm32h750xx.o(.text)
    WWDG_IRQHandler                          0x08000353   Thumb Code     0  startup_stm32h750xx.o(.text)
    __user_initial_stackheap                 0x08000355   Thumb Code     0  startup_stm32h750xx.o(.text)
    __aeabi_memcpy4                          0x08000379   Thumb Code     0  rt_memcpy_w.o(.text)
    __aeabi_memcpy8                          0x08000379   Thumb Code     0  rt_memcpy_w.o(.text)
    __rt_memcpy_w                            0x08000379   Thumb Code   100  rt_memcpy_w.o(.text)
    _memcpy_lastbytes_aligned                0x080003c1   Thumb Code     0  rt_memcpy_w.o(.text)
    __aeabi_memclr4                          0x080003dd   Thumb Code     0  rt_memclr_w.o(.text)
    __aeabi_memclr8                          0x080003dd   Thumb Code     0  rt_memclr_w.o(.text)
    __rt_memclr_w                            0x080003dd   Thumb Code    78  rt_memclr_w.o(.text)
    _memset_w                                0x080003e1   Thumb Code     0  rt_memclr_w.o(.text)
    __use_two_region_memory                  0x0800042b   Thumb Code     2  heapauxi.o(.text)
    __rt_heap_escrow$2region                 0x0800042d   Thumb Code     2  heapauxi.o(.text)
    __rt_heap_expand$2region                 0x0800042f   Thumb Code     2  heapauxi.o(.text)
    __user_setup_stackheap                   0x08000431   Thumb Code    74  sys_stackheap_outer.o(.text)
    exit                                     0x0800047b   Thumb Code    18  exit.o(.text)
    __user_libspace                          0x0800048d   Thumb Code     8  libspace.o(.text)
    __user_perproc_libspace                  0x0800048d   Thumb Code     0  libspace.o(.text)
    __user_perthread_libspace                0x0800048d   Thumb Code     0  libspace.o(.text)
    _sys_exit                                0x08000495   Thumb Code     8  sys_exit.o(.text)
    __I$use$semihosting                      0x080004a1   Thumb Code     0  use_no_semi.o(.text)
    __use_no_semihosting_swi                 0x080004a1   Thumb Code     2  use_no_semi.o(.text)
    BusFault_Handler                         0x080004a3   Thumb Code     2  stm32h7xx_it.o(i.BusFault_Handler)
    __semihosting_library_function           0x080004a3   Thumb Code     0  indicate_semi.o(.text)
    DebugMon_Handler                         0x080004a5   Thumb Code     2  stm32h7xx_it.o(i.DebugMon_Handler)
    Error_Handler                            0x080004a7   Thumb Code     4  main.o(i.Error_Handler)
    FDCAN1_Filter                            0x080004ad   Thumb Code    40  base_id_general_api.o(i.FDCAN1_Filter)
    FDCAN1_IT0_IRQHandler                    0x080004d9   Thumb Code     6  stm32h7xx_it.o(i.FDCAN1_IT0_IRQHandler)
    FDCAN1_Send_Msg                          0x080004e5   Thumb Code    58  base_id_general_api.o(i.FDCAN1_Send_Msg)
    HAL_CRCEx_Polynomial_Set                 0x080007c1   Thumb Code   102  stm32h7xx_hal_crc_ex.o(i.HAL_CRCEx_Polynomial_Set)
    HAL_CRC_Init                             0x08000829   Thumb Code   124  stm32h7xx_hal_crc.o(i.HAL_CRC_Init)
    HAL_CRC_MspInit                          0x080008a9   Thumb Code    30  crc.o(i.HAL_CRC_MspInit)
    HAL_FDCAN_ActivateNotification           0x080008d1   Thumb Code   156  stm32h7xx_hal_fdcan.o(i.HAL_FDCAN_ActivateNotification)
    HAL_FDCAN_AddMessageToTxFifoQ            0x08000971   Thumb Code   116  stm32h7xx_hal_fdcan.o(i.HAL_FDCAN_AddMessageToTxFifoQ)
    HAL_FDCAN_ClockCalibrationCallback       0x080009e5   Thumb Code     2  stm32h7xx_hal_fdcan.o(i.HAL_FDCAN_ClockCalibrationCallback)
    HAL_FDCAN_ConfigFilter                   0x080009e7   Thumb Code   142  stm32h7xx_hal_fdcan.o(i.HAL_FDCAN_ConfigFilter)
    HAL_FDCAN_DeInit                         0x08000a75   Thumb Code    46  stm32h7xx_hal_fdcan.o(i.HAL_FDCAN_DeInit)
    HAL_FDCAN_ErrorCallback                  0x08000aa3   Thumb Code     2  stm32h7xx_hal_fdcan.o(i.HAL_FDCAN_ErrorCallback)
    HAL_FDCAN_ErrorStatusCallback            0x08000aa5   Thumb Code    82  relays.o(i.HAL_FDCAN_ErrorStatusCallback)
    HAL_FDCAN_GetProtocolStatus              0x08000b01   Thumb Code    74  stm32h7xx_hal_fdcan.o(i.HAL_FDCAN_GetProtocolStatus)
    HAL_FDCAN_GetRxMessage                   0x08000b4d   Thumb Code   484  stm32h7xx_hal_fdcan.o(i.HAL_FDCAN_GetRxMessage)
    HAL_FDCAN_HighPriorityMessageCallback    0x08000d35   Thumb Code     2  stm32h7xx_hal_fdcan.o(i.HAL_FDCAN_HighPriorityMessageCallback)
    HAL_FDCAN_IRQHandler                     0x08000d39   Thumb Code   764  stm32h7xx_hal_fdcan.o(i.HAL_FDCAN_IRQHandler)
    HAL_FDCAN_Init                           0x08001039   Thumb Code   654  stm32h7xx_hal_fdcan.o(i.HAL_FDCAN_Init)
    HAL_FDCAN_MspDeInit                      0x080012d1   Thumb Code    42  fdcan.o(i.HAL_FDCAN_MspDeInit)
    HAL_FDCAN_MspInit                        0x08001309   Thumb Code   142  fdcan.o(i.HAL_FDCAN_MspInit)
    HAL_FDCAN_RxBufferNewMessageCallback     0x080013a5   Thumb Code     2  stm32h7xx_hal_fdcan.o(i.HAL_FDCAN_RxBufferNewMessageCallback)
    HAL_FDCAN_RxFifo0Callback                0x080013a9   Thumb Code   516  relays.o(i.HAL_FDCAN_RxFifo0Callback)
    HAL_FDCAN_RxFifo1Callback                0x080015bd   Thumb Code     2  stm32h7xx_hal_fdcan.o(i.HAL_FDCAN_RxFifo1Callback)
    HAL_FDCAN_Start                          0x080015bf   Thumb Code    50  stm32h7xx_hal_fdcan.o(i.HAL_FDCAN_Start)
    HAL_FDCAN_Stop                           0x080015f1   Thumb Code   172  stm32h7xx_hal_fdcan.o(i.HAL_FDCAN_Stop)
    HAL_FDCAN_TT_GlobalTimeCallback          0x0800169d   Thumb Code     2  stm32h7xx_hal_fdcan.o(i.HAL_FDCAN_TT_GlobalTimeCallback)
    HAL_FDCAN_TT_ScheduleSyncCallback        0x0800169f   Thumb Code     2  stm32h7xx_hal_fdcan.o(i.HAL_FDCAN_TT_ScheduleSyncCallback)
    HAL_FDCAN_TT_StopWatchCallback           0x080016a1   Thumb Code     2  stm32h7xx_hal_fdcan.o(i.HAL_FDCAN_TT_StopWatchCallback)
    HAL_FDCAN_TT_TimeMarkCallback            0x080016a3   Thumb Code     2  stm32h7xx_hal_fdcan.o(i.HAL_FDCAN_TT_TimeMarkCallback)
    HAL_FDCAN_TimeoutOccurredCallback        0x080016a5   Thumb Code     2  stm32h7xx_hal_fdcan.o(i.HAL_FDCAN_TimeoutOccurredCallback)
    HAL_FDCAN_TimestampWraparoundCallback    0x080016a7   Thumb Code     2  stm32h7xx_hal_fdcan.o(i.HAL_FDCAN_TimestampWraparoundCallback)
    HAL_FDCAN_TxBufferAbortCallback          0x080016a9   Thumb Code     2  stm32h7xx_hal_fdcan.o(i.HAL_FDCAN_TxBufferAbortCallback)
    HAL_FDCAN_TxBufferCompleteCallback       0x080016ab   Thumb Code     2  stm32h7xx_hal_fdcan.o(i.HAL_FDCAN_TxBufferCompleteCallback)
    HAL_FDCAN_TxEventFifoCallback            0x080016ad   Thumb Code     2  stm32h7xx_hal_fdcan.o(i.HAL_FDCAN_TxEventFifoCallback)
    HAL_FDCAN_TxFifoEmptyCallback            0x080016af   Thumb Code     2  stm32h7xx_hal_fdcan.o(i.HAL_FDCAN_TxFifoEmptyCallback)
    HAL_GPIO_DeInit                          0x080016b1   Thumb Code   380  stm32h7xx_hal_gpio.o(i.HAL_GPIO_DeInit)
    HAL_GPIO_Init                            0x08001831   Thumb Code   492  stm32h7xx_hal_gpio.o(i.HAL_GPIO_Init)
    HAL_GPIO_TogglePin                       0x08001a25   Thumb Code    16  stm32h7xx_hal_gpio.o(i.HAL_GPIO_TogglePin)
    HAL_GPIO_WritePin                        0x08001a35   Thumb Code    14  stm32h7xx_hal_gpio.o(i.HAL_GPIO_WritePin)
    HAL_GetREVID                             0x08001a45   Thumb Code     8  stm32h7xx_hal.o(i.HAL_GetREVID)
    HAL_GetTick                              0x08001a51   Thumb Code     6  stm32h7xx_hal.o(i.HAL_GetTick)
    HAL_IncTick                              0x08001a5d   Thumb Code    12  stm32h7xx_hal.o(i.HAL_IncTick)
    HAL_Init                                 0x08001a6d   Thumb Code    74  stm32h7xx_hal.o(i.HAL_Init)
    HAL_InitTick                             0x08001ac9   Thumb Code    66  stm32h7xx_hal.o(i.HAL_InitTick)
    HAL_MspInit                              0x08001b15   Thumb Code    22  stm32h7xx_hal_msp.o(i.HAL_MspInit)
    HAL_NVIC_DisableIRQ                      0x08001b31   Thumb Code    36  stm32h7xx_hal_cortex.o(i.HAL_NVIC_DisableIRQ)
    HAL_NVIC_EnableIRQ                       0x08001b55   Thumb Code    28  stm32h7xx_hal_cortex.o(i.HAL_NVIC_EnableIRQ)
    HAL_NVIC_SetPriority                     0x08001b71   Thumb Code   104  stm32h7xx_hal_cortex.o(i.HAL_NVIC_SetPriority)
    HAL_NVIC_SetPriorityGrouping             0x08001bdd   Thumb Code    30  stm32h7xx_hal_cortex.o(i.HAL_NVIC_SetPriorityGrouping)
    HAL_PWREx_ConfigSupply                   0x08001c01   Thumb Code    86  stm32h7xx_hal_pwr_ex.o(i.HAL_PWREx_ConfigSupply)
    HAL_RCCEx_PeriphCLKConfig                0x08001c61   Thumb Code  2722  stm32h7xx_hal_rcc_ex.o(i.HAL_RCCEx_PeriphCLKConfig)
    HAL_RCC_ClockConfig                      0x08002709   Thumb Code   658  stm32h7xx_hal_rcc.o(i.HAL_RCC_ClockConfig)
    HAL_RCC_GetSysClockFreq                  0x080029c5   Thumb Code   428  stm32h7xx_hal_rcc.o(i.HAL_RCC_GetSysClockFreq)
    HAL_RCC_OscConfig                        0x08002ba1   Thumb Code  1840  stm32h7xx_hal_rcc.o(i.HAL_RCC_OscConfig)
    HAL_SYSTICK_Config                       0x080032dd   Thumb Code    36  stm32h7xx_hal_cortex.o(i.HAL_SYSTICK_Config)
    HAL_TIMEx_Break2Callback                 0x08003305   Thumb Code     2  stm32h7xx_hal_tim_ex.o(i.HAL_TIMEx_Break2Callback)
    HAL_TIMEx_BreakCallback                  0x08003307   Thumb Code     2  stm32h7xx_hal_tim_ex.o(i.HAL_TIMEx_BreakCallback)
    HAL_TIMEx_CommutCallback                 0x08003309   Thumb Code     2  stm32h7xx_hal_tim_ex.o(i.HAL_TIMEx_CommutCallback)
    HAL_TIMEx_MasterConfigSynchronization    0x0800330d   Thumb Code   158  stm32h7xx_hal_tim_ex.o(i.HAL_TIMEx_MasterConfigSynchronization)
    HAL_TIM_Base_Init                        0x080033b5   Thumb Code   100  stm32h7xx_hal_tim.o(i.HAL_TIM_Base_Init)
    HAL_TIM_Base_MspInit                     0x08003419   Thumb Code    50  tim.o(i.HAL_TIM_Base_MspInit)
    HAL_TIM_Base_Start_IT                    0x08003455   Thumb Code   144  stm32h7xx_hal_tim.o(i.HAL_TIM_Base_Start_IT)
    HAL_TIM_ConfigClockSource                0x080034e9   Thumb Code   266  stm32h7xx_hal_tim.o(i.HAL_TIM_ConfigClockSource)
    HAL_TIM_IC_CaptureCallback               0x080035f3   Thumb Code     2  stm32h7xx_hal_tim.o(i.HAL_TIM_IC_CaptureCallback)
    HAL_TIM_IRQHandler                       0x080035f5   Thumb Code   402  stm32h7xx_hal_tim.o(i.HAL_TIM_IRQHandler)
    HAL_TIM_OC_DelayElapsedCallback          0x08003787   Thumb Code     2  stm32h7xx_hal_tim.o(i.HAL_TIM_OC_DelayElapsedCallback)
    HAL_TIM_PWM_PulseFinishedCallback        0x08003789   Thumb Code     2  stm32h7xx_hal_tim.o(i.HAL_TIM_PWM_PulseFinishedCallback)
    HAL_TIM_PeriodElapsedCallback            0x0800378d   Thumb Code    38  relays.o(i.HAL_TIM_PeriodElapsedCallback)
    HAL_TIM_TriggerCallback                  0x080037c1   Thumb Code     2  stm32h7xx_hal_tim.o(i.HAL_TIM_TriggerCallback)
    HardFault_Handler                        0x080037c3   Thumb Code     2  stm32h7xx_it.o(i.HardFault_Handler)
    MX_CRC_Init                              0x080037c5   Thumb Code    40  crc.o(i.MX_CRC_Init)
    MX_FDCAN1_Init                           0x080037f5   Thumb Code   104  fdcan.o(i.MX_FDCAN1_Init)
    MX_GPIO_Init                             0x08003865   Thumb Code   194  gpio.o(i.MX_GPIO_Init)
    MX_TIM1_Init                             0x08003935   Thumb Code    98  tim.o(i.MX_TIM1_Init)
    MemManage_Handler                        0x080039a1   Thumb Code     2  stm32h7xx_it.o(i.MemManage_Handler)
    NMI_Handler                              0x080039a3   Thumb Code     2  stm32h7xx_it.o(i.NMI_Handler)
    PendSV_Handler                           0x080039a5   Thumb Code     2  stm32h7xx_it.o(i.PendSV_Handler)
    Relays_Start                             0x08003c29   Thumb Code   108  relays.o(i.Relays_Start)
    SVC_Handler                              0x08003ca5   Thumb Code     2  stm32h7xx_it.o(i.SVC_Handler)
    SysTick_Handler                          0x08003ca7   Thumb Code     4  stm32h7xx_it.o(i.SysTick_Handler)
    SystemClock_Config                       0x08003cad   Thumb Code   156  main.o(i.SystemClock_Config)
    SystemInit                               0x08003d51   Thumb Code   180  system_stm32h7xx.o(i.SystemInit)
    TIM1_UP_IRQHandler                       0x08003e2d   Thumb Code     6  stm32h7xx_it.o(i.TIM1_UP_IRQHandler)
    TIM_Base_SetConfig                       0x08003e39   Thumb Code   168  stm32h7xx_hal_tim.o(i.TIM_Base_SetConfig)
    TIM_ETR_SetConfig                        0x08003f01   Thumb Code    22  stm32h7xx_hal_tim.o(i.TIM_ETR_SetConfig)
    UsageFault_Handler                       0x08003f75   Thumb Code     2  stm32h7xx_it.o(i.UsageFault_Handler)
    main                                     0x08003f79   Thumb Code   152  main.o(i.main)
    _fp_init                                 0x08004019   Thumb Code    10  fpinit.o(x$fpl$fpinit)
    __fplib_config_fpu_vfp                   0x08004021   Thumb Code     0  fpinit.o(x$fpl$fpinit)
    __fplib_config_pureend_doubles           0x08004021   Thumb Code     0  fpinit.o(x$fpl$fpinit)
    D1CorePrescTable                         0x08004022   Data          16  system_stm32h7xx.o(.constdata)
    Region$$Table$$Base                      0x08004090   Number         0  anon$$obj.o(Region$$Table)
    Region$$Table$$Limit                     0x080040b0   Number         0  anon$$obj.o(Region$$Table)
    Request_Data                             0x24000000   Data           2  relays.o(.data)
    Mask_Data                                0x24000002   Data           2  relays.o(.data)
    BoardState                               0x24000004   Data           2  relays.o(.data)
    BoardStateNext                           0x24000006   Data           2  relays.o(.data)
    LEDTimerCount                            0x24000008   Data           4  relays.o(.data)
    SystemCoreClock                          0x2400000c   Data           4  system_stm32h7xx.o(.data)
    SystemD2Clock                            0x24000010   Data           4  system_stm32h7xx.o(.data)
    uwTickFreq                               0x24000014   Data           1  stm32h7xx_hal.o(.data)
    uwTickPrio                               0x24000018   Data           4  stm32h7xx_hal.o(.data)
    uwTick                                   0x2400001c   Data           4  stm32h7xx_hal.o(.data)
    TxCANData                                0x24000020   Data          64  relays.o(.bss)
    RxCANDataBuffer                          0x24000060   Data          64  relays.o(.bss)
    hcrc                                     0x240000a0   Data          36  crc.o(.bss)
    hfdcan1                                  0x240000c4   Data         160  fdcan.o(.bss)
    htim1                                    0x24000164   Data          76  tim.o(.bss)
    __libspace_start                         0x240001b0   Data          96  libspace.o(.bss)
    __temporary_stack_top$libspace           0x24000210   Data           0  libspace.o(.bss)



==============================================================================

Memory Map of the image

  Image Entry point : 0x08000299

  Load Region LR_IROM1 (Base: 0x08000000, Size: 0x000040d0, Max: 0x00020000, ABSOLUTE)

    Execution Region ER_IROM1 (Base: 0x08000000, Size: 0x000040b0, Max: 0x00020000, ABSOLUTE)

    Base Addr    Size         Type   Attr      Idx    E Section Name        Object

    0x08000000   0x00000298   Data   RO            3    RESET               startup_stm32h750xx.o
    0x08000298   0x00000008   Code   RO         4857  * !!!main             c_w.l(__main.o)
    0x080002a0   0x00000034   Code   RO         5014    !!!scatter          c_w.l(__scatter.o)
    0x080002d4   0x0000001a   Code   RO         5016    !!handler_copy      c_w.l(__scatter_copy.o)
    0x080002ee   0x00000002   PAD
    0x080002f0   0x0000001c   Code   RO         5018    !!handler_zi        c_w.l(__scatter_zi.o)
    0x0800030c   0x00000002   Code   RO         4884    .ARM.Collect$$libinit$$00000000  c_w.l(libinit.o)
    0x0800030e   0x00000004   Code   RO         4890    .ARM.Collect$$libinit$$00000001  c_w.l(libinit2.o)
    0x08000312   0x00000000   Code   RO         4893    .ARM.Collect$$libinit$$00000004  c_w.l(libinit2.o)
    0x08000312   0x00000000   Code   RO         4896    .ARM.Collect$$libinit$$0000000A  c_w.l(libinit2.o)
    0x08000312   0x00000000   Code   RO         4898    .ARM.Collect$$libinit$$0000000C  c_w.l(libinit2.o)
    0x08000312   0x00000000   Code   RO         4900    .ARM.Collect$$libinit$$0000000E  c_w.l(libinit2.o)
    0x08000312   0x00000000   Code   RO         4903    .ARM.Collect$$libinit$$00000011  c_w.l(libinit2.o)
    0x08000312   0x00000000   Code   RO         4905    .ARM.Collect$$libinit$$00000013  c_w.l(libinit2.o)
    0x08000312   0x00000000   Code   RO         4907    .ARM.Collect$$libinit$$00000015  c_w.l(libinit2.o)
    0x08000312   0x00000000   Code   RO         4909    .ARM.Collect$$libinit$$00000017  c_w.l(libinit2.o)
    0x08000312   0x00000000   Code   RO         4911    .ARM.Collect$$libinit$$00000019  c_w.l(libinit2.o)
    0x08000312   0x00000000   Code   RO         4913    .ARM.Collect$$libinit$$0000001B  c_w.l(libinit2.o)
    0x08000312   0x00000000   Code   RO         4915    .ARM.Collect$$libinit$$0000001D  c_w.l(libinit2.o)
    0x08000312   0x00000000   Code   RO         4917    .ARM.Collect$$libinit$$0000001F  c_w.l(libinit2.o)
    0x08000312   0x00000000   Code   RO         4919    .ARM.Collect$$libinit$$00000021  c_w.l(libinit2.o)
    0x08000312   0x00000000   Code   RO         4921    .ARM.Collect$$libinit$$00000023  c_w.l(libinit2.o)
    0x08000312   0x00000000   Code   RO         4923    .ARM.Collect$$libinit$$00000025  c_w.l(libinit2.o)
    0x08000312   0x00000000   Code   RO         4927    .ARM.Collect$$libinit$$0000002C  c_w.l(libinit2.o)
    0x08000312   0x00000000   Code   RO         4929    .ARM.Collect$$libinit$$0000002E  c_w.l(libinit2.o)
    0x08000312   0x00000000   Code   RO         4931    .ARM.Collect$$libinit$$00000030  c_w.l(libinit2.o)
    0x08000312   0x00000000   Code   RO         4933    .ARM.Collect$$libinit$$00000032  c_w.l(libinit2.o)
    0x08000312   0x00000002   Code   RO         4934    .ARM.Collect$$libinit$$00000033  c_w.l(libinit2.o)
    0x08000314   0x00000002   Code   RO         4954    .ARM.Collect$$libshutdown$$00000000  c_w.l(libshutdown.o)
    0x08000316   0x00000000   Code   RO         4967    .ARM.Collect$$libshutdown$$00000002  c_w.l(libshutdown2.o)
    0x08000316   0x00000000   Code   RO         4969    .ARM.Collect$$libshutdown$$00000004  c_w.l(libshutdown2.o)
    0x08000316   0x00000000   Code   RO         4972    .ARM.Collect$$libshutdown$$00000007  c_w.l(libshutdown2.o)
    0x08000316   0x00000000   Code   RO         4975    .ARM.Collect$$libshutdown$$0000000A  c_w.l(libshutdown2.o)
    0x08000316   0x00000000   Code   RO         4977    .ARM.Collect$$libshutdown$$0000000C  c_w.l(libshutdown2.o)
    0x08000316   0x00000000   Code   RO         4980    .ARM.Collect$$libshutdown$$0000000F  c_w.l(libshutdown2.o)
    0x08000316   0x00000002   Code   RO         4981    .ARM.Collect$$libshutdown$$00000010  c_w.l(libshutdown2.o)
    0x08000318   0x00000000   Code   RO         4859    .ARM.Collect$$rtentry$$00000000  c_w.l(__rtentry.o)
    0x08000318   0x00000000   Code   RO         4861    .ARM.Collect$$rtentry$$00000002  c_w.l(__rtentry2.o)
    0x08000318   0x00000006   Code   RO         4873    .ARM.Collect$$rtentry$$00000004  c_w.l(__rtentry4.o)
    0x0800031e   0x00000000   Code   RO         4863    .ARM.Collect$$rtentry$$00000009  c_w.l(__rtentry2.o)
    0x0800031e   0x00000004   Code   RO         4864    .ARM.Collect$$rtentry$$0000000A  c_w.l(__rtentry2.o)
    0x08000322   0x00000000   Code   RO         4866    .ARM.Collect$$rtentry$$0000000C  c_w.l(__rtentry2.o)
    0x08000322   0x00000008   Code   RO         4867    .ARM.Collect$$rtentry$$0000000D  c_w.l(__rtentry2.o)
    0x0800032a   0x00000002   Code   RO         4888    .ARM.Collect$$rtexit$$00000000  c_w.l(rtexit.o)
    0x0800032c   0x00000000   Code   RO         4936    .ARM.Collect$$rtexit$$00000002  c_w.l(rtexit2.o)
    0x0800032c   0x00000004   Code   RO         4937    .ARM.Collect$$rtexit$$00000003  c_w.l(rtexit2.o)
    0x08000330   0x00000006   Code   RO         4938    .ARM.Collect$$rtexit$$00000004  c_w.l(rtexit2.o)
    0x08000336   0x00000002   PAD
    0x08000338   0x00000040   Code   RO            4    .text               startup_stm32h750xx.o
    0x08000378   0x00000064   Code   RO         4851    .text               c_w.l(rt_memcpy_w.o)
    0x080003dc   0x0000004e   Code   RO         4853    .text               c_w.l(rt_memclr_w.o)
    0x0800042a   0x00000006   Code   RO         4855    .text               c_w.l(heapauxi.o)
    0x08000430   0x0000004a   Code   RO         4875    .text               c_w.l(sys_stackheap_outer.o)
    0x0800047a   0x00000012   Code   RO         4877    .text               c_w.l(exit.o)
    0x0800048c   0x00000008   Code   RO         4885    .text               c_w.l(libspace.o)
    0x08000494   0x0000000c   Code   RO         4946    .text               c_w.l(sys_exit.o)
    0x080004a0   0x00000002   Code   RO         4957    .text               c_w.l(use_no_semi.o)
    0x080004a2   0x00000000   Code   RO         4959    .text               c_w.l(indicate_semi.o)
    0x080004a2   0x00000002   Code   RO          508    i.BusFault_Handler  stm32h7xx_it.o
    0x080004a4   0x00000002   Code   RO          509    i.DebugMon_Handler  stm32h7xx_it.o
    0x080004a6   0x00000004   Code   RO          314    i.Error_Handler     main.o
    0x080004aa   0x00000002   PAD
    0x080004ac   0x0000002c   Code   RO           15    i.FDCAN1_Filter     base_id_general_api.o
    0x080004d8   0x0000000c   Code   RO          510    i.FDCAN1_IT0_IRQHandler  stm32h7xx_it.o
    0x080004e4   0x00000040   Code   RO           16    i.FDCAN1_Send_Msg   base_id_general_api.o
    0x08000524   0x000001f4   Code   RO         3216    i.FDCAN_CalcultateRamBlockAddresses  stm32h7xx_hal_fdcan.o
    0x08000718   0x000000a8   Code   RO         3217    i.FDCAN_CopyMessageToRAM  stm32h7xx_hal_fdcan.o
    0x080007c0   0x00000066   Code   RO          865    i.HAL_CRCEx_Polynomial_Set  stm32h7xx_hal_crc_ex.o
    0x08000826   0x00000002   PAD
    0x08000828   0x00000080   Code   RO          799    i.HAL_CRC_Init      stm32h7xx_hal_crc.o
    0x080008a8   0x00000028   Code   RO          383    i.HAL_CRC_MspInit   crc.o
    0x080008d0   0x000000a0   Code   RO         3219    i.HAL_FDCAN_ActivateNotification  stm32h7xx_hal_fdcan.o
    0x08000970   0x00000074   Code   RO         3221    i.HAL_FDCAN_AddMessageToTxFifoQ  stm32h7xx_hal_fdcan.o
    0x080009e4   0x00000002   Code   RO         3222    i.HAL_FDCAN_ClockCalibrationCallback  stm32h7xx_hal_fdcan.o
    0x080009e6   0x0000008e   Code   RO         3226    i.HAL_FDCAN_ConfigFilter  stm32h7xx_hal_fdcan.o
    0x08000a74   0x0000002e   Code   RO         3234    i.HAL_FDCAN_DeInit  stm32h7xx_hal_fdcan.o
    0x08000aa2   0x00000002   Code   RO         3248    i.HAL_FDCAN_ErrorCallback  stm32h7xx_hal_fdcan.o
    0x08000aa4   0x0000005c   Code   RO          267    i.HAL_FDCAN_ErrorStatusCallback  relays.o
    0x08000b00   0x0000004a   Code   RO         3258    i.HAL_FDCAN_GetProtocolStatus  stm32h7xx_hal_fdcan.o
    0x08000b4a   0x00000002   PAD
    0x08000b4c   0x000001e8   Code   RO         3260    i.HAL_FDCAN_GetRxMessage  stm32h7xx_hal_fdcan.o
    0x08000d34   0x00000002   Code   RO         3266    i.HAL_FDCAN_HighPriorityMessageCallback  stm32h7xx_hal_fdcan.o
    0x08000d36   0x00000002   PAD
    0x08000d38   0x00000300   Code   RO         3267    i.HAL_FDCAN_IRQHandler  stm32h7xx_hal_fdcan.o
    0x08001038   0x00000298   Code   RO         3268    i.HAL_FDCAN_Init    stm32h7xx_hal_fdcan.o
    0x080012d0   0x00000038   Code   RO          424    i.HAL_FDCAN_MspDeInit  fdcan.o
    0x08001308   0x0000009c   Code   RO          425    i.HAL_FDCAN_MspInit  fdcan.o
    0x080013a4   0x00000002   Code   RO         3277    i.HAL_FDCAN_RxBufferNewMessageCallback  stm32h7xx_hal_fdcan.o
    0x080013a6   0x00000002   PAD
    0x080013a8   0x00000214   Code   RO          268    i.HAL_FDCAN_RxFifo0Callback  relays.o
    0x080015bc   0x00000002   Code   RO         3279    i.HAL_FDCAN_RxFifo1Callback  stm32h7xx_hal_fdcan.o
    0x080015be   0x00000032   Code   RO         3280    i.HAL_FDCAN_Start   stm32h7xx_hal_fdcan.o
    0x080015f0   0x000000ac   Code   RO         3281    i.HAL_FDCAN_Stop    stm32h7xx_hal_fdcan.o
    0x0800169c   0x00000002   Code   RO         3302    i.HAL_FDCAN_TT_GlobalTimeCallback  stm32h7xx_hal_fdcan.o
    0x0800169e   0x00000002   Code   RO         3303    i.HAL_FDCAN_TT_ScheduleSyncCallback  stm32h7xx_hal_fdcan.o
    0x080016a0   0x00000002   Code   RO         3308    i.HAL_FDCAN_TT_StopWatchCallback  stm32h7xx_hal_fdcan.o
    0x080016a2   0x00000002   Code   RO         3309    i.HAL_FDCAN_TT_TimeMarkCallback  stm32h7xx_hal_fdcan.o
    0x080016a4   0x00000002   Code   RO         3310    i.HAL_FDCAN_TimeoutOccurredCallback  stm32h7xx_hal_fdcan.o
    0x080016a6   0x00000002   Code   RO         3311    i.HAL_FDCAN_TimestampWraparoundCallback  stm32h7xx_hal_fdcan.o
    0x080016a8   0x00000002   Code   RO         3312    i.HAL_FDCAN_TxBufferAbortCallback  stm32h7xx_hal_fdcan.o
    0x080016aa   0x00000002   Code   RO         3313    i.HAL_FDCAN_TxBufferCompleteCallback  stm32h7xx_hal_fdcan.o
    0x080016ac   0x00000002   Code   RO         3314    i.HAL_FDCAN_TxEventFifoCallback  stm32h7xx_hal_fdcan.o
    0x080016ae   0x00000002   Code   RO         3315    i.HAL_FDCAN_TxFifoEmptyCallback  stm32h7xx_hal_fdcan.o
    0x080016b0   0x00000180   Code   RO         1449    i.HAL_GPIO_DeInit   stm32h7xx_hal_gpio.o
    0x08001830   0x000001f4   Code   RO         1452    i.HAL_GPIO_Init     stm32h7xx_hal_gpio.o
    0x08001a24   0x00000010   Code   RO         1455    i.HAL_GPIO_TogglePin  stm32h7xx_hal_gpio.o
    0x08001a34   0x0000000e   Code   RO         1456    i.HAL_GPIO_WritePin  stm32h7xx_hal_gpio.o
    0x08001a42   0x00000002   PAD
    0x08001a44   0x0000000c   Code   RO         2324    i.HAL_GetREVID      stm32h7xx_hal.o
    0x08001a50   0x0000000c   Code   RO         2325    i.HAL_GetTick       stm32h7xx_hal.o
    0x08001a5c   0x00000010   Code   RO         2331    i.HAL_IncTick       stm32h7xx_hal.o
    0x08001a6c   0x0000005c   Code   RO         2332    i.HAL_Init          stm32h7xx_hal.o
    0x08001ac8   0x0000004c   Code   RO         2333    i.HAL_InitTick      stm32h7xx_hal.o
    0x08001b14   0x0000001c   Code   RO          596    i.HAL_MspInit       stm32h7xx_hal_msp.o
    0x08001b30   0x00000024   Code   RO          662    i.HAL_NVIC_DisableIRQ  stm32h7xx_hal_cortex.o
    0x08001b54   0x0000001c   Code   RO          663    i.HAL_NVIC_EnableIRQ  stm32h7xx_hal_cortex.o
    0x08001b70   0x0000006c   Code   RO          669    i.HAL_NVIC_SetPriority  stm32h7xx_hal_cortex.o
    0x08001bdc   0x00000024   Code   RO          670    i.HAL_NVIC_SetPriorityGrouping  stm32h7xx_hal_cortex.o
    0x08001c00   0x00000060   Code   RO         2053    i.HAL_PWREx_ConfigSupply  stm32h7xx_hal_pwr_ex.o
    0x08001c60   0x00000aa8   Code   RO         1024    i.HAL_RCCEx_PeriphCLKConfig  stm32h7xx_hal_rcc_ex.o
    0x08002708   0x000002bc   Code   RO          900    i.HAL_RCC_ClockConfig  stm32h7xx_hal_rcc.o
    0x080029c4   0x000001dc   Code   RO          909    i.HAL_RCC_GetSysClockFreq  stm32h7xx_hal_rcc.o
    0x08002ba0   0x0000073c   Code   RO          912    i.HAL_RCC_OscConfig  stm32h7xx_hal_rcc.o
    0x080032dc   0x00000028   Code   RO          674    i.HAL_SYSTICK_Config  stm32h7xx_hal_cortex.o
    0x08003304   0x00000002   Code   RO         4561    i.HAL_TIMEx_Break2Callback  stm32h7xx_hal_tim_ex.o
    0x08003306   0x00000002   Code   RO         4562    i.HAL_TIMEx_BreakCallback  stm32h7xx_hal_tim_ex.o
    0x08003308   0x00000002   Code   RO         4563    i.HAL_TIMEx_CommutCallback  stm32h7xx_hal_tim_ex.o
    0x0800330a   0x00000002   PAD
    0x0800330c   0x000000a8   Code   RO         4583    i.HAL_TIMEx_MasterConfigSynchronization  stm32h7xx_hal_tim_ex.o
    0x080033b4   0x00000064   Code   RO         3836    i.HAL_TIM_Base_Init  stm32h7xx_hal_tim.o
    0x08003418   0x0000003c   Code   RO          467    i.HAL_TIM_Base_MspInit  tim.o
    0x08003454   0x00000094   Code   RO         3841    i.HAL_TIM_Base_Start_IT  stm32h7xx_hal_tim.o
    0x080034e8   0x0000010a   Code   RO         3845    i.HAL_TIM_ConfigClockSource  stm32h7xx_hal_tim.o
    0x080035f2   0x00000002   Code   RO         3870    i.HAL_TIM_IC_CaptureCallback  stm32h7xx_hal_tim.o
    0x080035f4   0x00000192   Code   RO         3884    i.HAL_TIM_IRQHandler  stm32h7xx_hal_tim.o
    0x08003786   0x00000002   Code   RO         3887    i.HAL_TIM_OC_DelayElapsedCallback  stm32h7xx_hal_tim.o
    0x08003788   0x00000002   Code   RO         3914    i.HAL_TIM_PWM_PulseFinishedCallback  stm32h7xx_hal_tim.o
    0x0800378a   0x00000002   PAD
    0x0800378c   0x00000034   Code   RO          269    i.HAL_TIM_PeriodElapsedCallback  relays.o
    0x080037c0   0x00000002   Code   RO         3927    i.HAL_TIM_TriggerCallback  stm32h7xx_hal_tim.o
    0x080037c2   0x00000002   Code   RO          511    i.HardFault_Handler  stm32h7xx_it.o
    0x080037c4   0x00000030   Code   RO          384    i.MX_CRC_Init       crc.o
    0x080037f4   0x00000070   Code   RO          426    i.MX_FDCAN1_Init    fdcan.o
    0x08003864   0x000000d0   Code   RO          358    i.MX_GPIO_Init      gpio.o
    0x08003934   0x0000006c   Code   RO          468    i.MX_TIM1_Init      tim.o
    0x080039a0   0x00000002   Code   RO          512    i.MemManage_Handler  stm32h7xx_it.o
    0x080039a2   0x00000002   Code   RO          513    i.NMI_Handler       stm32h7xx_it.o
    0x080039a4   0x00000002   Code   RO          514    i.PendSV_Handler    stm32h7xx_it.o
    0x080039a6   0x00000002   PAD
    0x080039a8   0x00000140   Code   RO         1027    i.RCCEx_PLL2_Config  stm32h7xx_hal_rcc_ex.o
    0x08003ae8   0x00000140   Code   RO         1028    i.RCCEx_PLL3_Config  stm32h7xx_hal_rcc_ex.o
    0x08003c28   0x0000007c   Code   RO          270    i.Relays_Start      relays.o
    0x08003ca4   0x00000002   Code   RO          515    i.SVC_Handler       stm32h7xx_it.o
    0x08003ca6   0x00000004   Code   RO          516    i.SysTick_Handler   stm32h7xx_it.o
    0x08003caa   0x00000002   PAD
    0x08003cac   0x000000a4   Code   RO          315    i.SystemClock_Config  main.o
    0x08003d50   0x000000dc   Code   RO          621    i.SystemInit        system_stm32h7xx.o
    0x08003e2c   0x0000000c   Code   RO          517    i.TIM1_UP_IRQHandler  stm32h7xx_it.o
    0x08003e38   0x000000c8   Code   RO         3929    i.TIM_Base_SetConfig  stm32h7xx_hal_tim.o
    0x08003f00   0x00000016   Code   RO         3940    i.TIM_ETR_SetConfig  stm32h7xx_hal_tim.o
    0x08003f16   0x00000014   Code   RO         3941    i.TIM_ITRx_SetConfig  stm32h7xx_hal_tim.o
    0x08003f2a   0x00000026   Code   RO         3949    i.TIM_TI1_ConfigInputStage  stm32h7xx_hal_tim.o
    0x08003f50   0x00000024   Code   RO         3951    i.TIM_TI2_ConfigInputStage  stm32h7xx_hal_tim.o
    0x08003f74   0x00000002   Code   RO          518    i.UsageFault_Handler  stm32h7xx_it.o
    0x08003f76   0x00000002   PAD
    0x08003f78   0x000000a0   Code   RO          316    i.main              main.o
    0x08004018   0x0000000a   Code   RO         4944    x$fpl$fpinit        fz_wv.l(fpinit.o)
    0x08004022   0x00000010   Data   RO          622    .constdata          system_stm32h7xx.o
    0x08004032   0x00000002   PAD
    0x08004034   0x0000005c   Data   RO         3316    .constdata          stm32h7xx_hal_fdcan.o
    0x08004090   0x00000020   Data   RO         5012    Region$$Table       anon$$obj.o


    Execution Region RW_IRAM1 (Base: 0x20000000, Size: 0x00000000, Max: 0x00020000, ABSOLUTE)

    **** No section assigned to this execution region ****


    Execution Region RW_IRAM2 (Base: 0x24000000, Size: 0x00000e10, Max: 0x00080000, ABSOLUTE)

    Base Addr    Size         Type   Attr      Idx    E Section Name        Object

    0x24000000   0x0000000c   Data   RW          273    .data               relays.o
    0x2400000c   0x00000008   Data   RW          623    .data               system_stm32h7xx.o
    0x24000014   0x0000000c   Data   RW         2354    .data               stm32h7xx_hal.o
    0x24000020   0x00000080   Zero   RW          271    .bss                relays.o
    0x240000a0   0x00000024   Zero   RW          385    .bss                crc.o
    0x240000c4   0x000000a0   Zero   RW          427    .bss                fdcan.o
    0x24000164   0x0000004c   Zero   RW          469    .bss                tim.o
    0x240001b0   0x00000060   Zero   RW         4886    .bss                c_w.l(libspace.o)
    0x24000210   0x00000400   Zero   RW            2    HEAP                startup_stm32h750xx.o
    0x24000610   0x00000800   Zero   RW            1    STACK               startup_stm32h750xx.o


==============================================================================

Image component sizes


      Code (inc. data)   RO Data    RW Data    ZI Data      Debug   Object Name

       108         10          0          0          0    1306968   base_id_general_api.o
        88         18          0          0         36       1551   crc.o
       324         36          0          0        160       2425   fdcan.o
       208         14          0          0          0        995   gpio.o
       328         16          0          0          0      38183   main.o
       800         56          0         12        128       4590   relays.o
        64         26        664          0       3072        856   startup_stm32h750xx.o
       208         42          0         12          0      23232   stm32h7xx_hal.o
       248         14          0          0          0      40649   stm32h7xx_hal_cortex.o
       128          4          0          0          0       1363   stm32h7xx_hal_crc.o
       102          0          0          0          0       1543   stm32h7xx_hal_crc_ex.o
      3378         34         92          0          0      26883   stm32h7xx_hal_fdcan.o
       914         12          0          0          0       4387   stm32h7xx_hal_gpio.o
        28          6          0          0          0        814   stm32h7xx_hal_msp.o
        96         10          0          0          0        901   stm32h7xx_hal_pwr_ex.o
      3028        126          0          0          0       6976   stm32h7xx_hal_rcc.o
      3368        100          0          0          0       5640   stm32h7xx_hal_rcc_ex.o
      1240         44          0          0          0      10995   stm32h7xx_hal_tim.o
       174         10          0          0          0       3616   stm32h7xx_hal_tim_ex.o
        44         12          0          0          0       5167   stm32h7xx_it.o
       220         40         16          8          0       1454   system_stm32h7xx.o
       168         20          0          0         76       1718   tim.o

    ----------------------------------------------------------------------
     15286        650        806         32       3472    1490906   Object Totals
         0          0         32          0          0          0   (incl. Generated)
        22          0          2          0          0          0   (incl. Padding)

    ----------------------------------------------------------------------

      Code (inc. data)   RO Data    RW Data    ZI Data      Debug   Library Member Name

         8          0          0          0          0         68   __main.o
         0          0          0          0          0          0   __rtentry.o
        12          0          0          0          0          0   __rtentry2.o
         6          0          0          0          0          0   __rtentry4.o
        52          8          0          0          0          0   __scatter.o
        26          0          0          0          0          0   __scatter_copy.o
        28          0          0          0          0          0   __scatter_zi.o
        18          0          0          0          0         80   exit.o
         6          0          0          0          0        152   heapauxi.o
         0          0          0          0          0          0   indicate_semi.o
         2          0          0          0          0          0   libinit.o
         6          0          0          0          0          0   libinit2.o
         2          0          0          0          0          0   libshutdown.o
         2          0          0          0          0          0   libshutdown2.o
         8          4          0          0         96         68   libspace.o
        78          0          0          0          0         80   rt_memclr_w.o
       100          0          0          0          0         80   rt_memcpy_w.o
         2          0          0          0          0          0   rtexit.o
        10          0          0          0          0          0   rtexit2.o
        12          4          0          0          0         68   sys_exit.o
        74          0          0          0          0         80   sys_stackheap_outer.o
         2          0          0          0          0         68   use_no_semi.o
        10          0          0          0          0        116   fpinit.o

    ----------------------------------------------------------------------
       468         16          0          0         96        860   Library Totals
         4          0          0          0          0          0   (incl. Padding)

    ----------------------------------------------------------------------

      Code (inc. data)   RO Data    RW Data    ZI Data      Debug   Library Name

       454         16          0          0         96        744   c_w.l
        10          0          0          0          0        116   fz_wv.l

    ----------------------------------------------------------------------
       468         16          0          0         96        860   Library Totals

    ----------------------------------------------------------------------

==============================================================================


      Code (inc. data)   RO Data    RW Data    ZI Data      Debug   

     15754        666        806         32       3568    1482606   Grand Totals
     15754        666        806         32       3568    1482606   ELF Image Totals
     15754        666        806         32          0          0   ROM Totals

==============================================================================

    Total RO  Size (Code + RO Data)                16560 (  16.17kB)
    Total RW  Size (RW Data + ZI Data)              3600 (   3.52kB)
    Total ROM Size (Code + RO Data + RW Data)      16592 (  16.20kB)

==============================================================================

