<html>
<body>
<pre>
<h1>µVision Build Log</h1>
<h2>Tool Versions:</h2>
IDE-Version: ¦ÌVision V5.23.0.0
Copyright (C) 2017 ARM Ltd and ARM Germany GmbH. All rights reserved.
License Information: 1 1, 1, LIC=IC93N-YKBML-9ZYWW-QC5PR-8PH10-T6ZNN
 
Tool Versions:
Toolchain:       MDK-ARM Professional  Version: 5.23
Toolchain Path:  D:\Compiler\Keil\ARM\ARMCC\Bin
C Compiler:      Armcc.exe V5.06 update 4 (build 422)
Assembler:       Armasm.exe V5.06 update 4 (build 422)
Linker/Locator:  ArmLink.exe V5.06 update 4 (build 422)
Library Manager: ArmAr.exe V5.06 update 4 (build 422)
Hex Converter:   FromElf.exe V5.06 update 4 (build 422)
CPU DLL:         SARMCM3.DLL V5.23
Dialog DLL:      DCM.DLL V1.15.0.0
Target DLL:      STLink\ST-LINKIII-KEIL_SWO.dll V2.0.18.0
Dialog DLL:      TCM.DLL V1.27.0.0
 
<h2>Project:</h2>
E:\Program\PCB_RelayBoard\FIRM\PCB_Relay16CH_CANFD\MDK-ARM\Relay16CH_H750.uvprojx
Project File Date:  07/31/2025

<h2>Output:</h2>
*** Using Compiler 'V5.06 update 4 (build 422)', folder: 'D:\Compiler\Keil\ARM\ARMCC\Bin'
Build target 'Relay16CH_H750'
compiling gpio.c...
compiling relays.c...
compiling tim.c...
compiling main.c...
compiling crc.c...
compiling stm32h7xx_hal_msp.c...
compiling fdcan.c...
compiling stm32h7xx_it.c...
compiling base_ID_general_api.c...
linking...
Program Size: Code=15754 RO-data=806 RW-data=32 ZI-data=3568  
FromELF: creating hex file...
"Relay16CH_H750\Relay16CH_H750.axf" - 0 Error(s), 0 Warning(s).

<h2>Software Packages used:</h2>

Package Vendor: ARM
                http://www.keil.com/pack/ARM.CMSIS.5.3.0.pack
                ARM::CMSIS:CORE:5.1.1
                CMSIS (Cortex Microcontroller Software Interface Standard)
   * Component: CORE Version: 5.1.1

<h2>Collection of Component include folders:</h2>
  .\RTE\_Relay16CH_H750
  D:\Compiler\Keil\ARM\PACK\ARM\CMSIS\5.3.0\CMSIS\Include
  D:\Compiler\Keil\ARM\PACK\Keil\STM32H7xx_DFP\2.2.0\Drivers\CMSIS\Device\ST\STM32H7xx\Include

<h2>Collection of Component Files used:</h2>

   * Component: ARM::CMSIS:CORE:5.1.1
Build Time Elapsed:  00:00:15
</pre>
</body>
</html>
